Archive member included to satisfy reference by file (symbol)

/usr/lib/gcc/arm-none-eabi/9.2.1/thumb/v6-m/nofp/libgcc.a(_dvmd_tls.o)
                              CMakeFiles/rom-reader.dir/tree/downloaded_tools/pico/pico-sdk/src/rp2_common/pico_divider/divider.S.obj (__aeabi_idiv0)
/usr/lib/gcc/arm-none-eabi/9.2.1/../../../arm-none-eabi/lib/thumb/v6-m/nofp/libc.a(lib_a-atexit.o)
                              /usr/lib/gcc/arm-none-eabi/9.2.1/../../../arm-none-eabi/lib/thumb/v6-m/nofp/crt0.o (atexit)
/usr/lib/gcc/arm-none-eabi/9.2.1/../../../arm-none-eabi/lib/thumb/v6-m/nofp/libc.a(lib_a-calloc.o)
                              CMakeFiles/rom-reader.dir/tree/downloaded_tools/pico/pico-sdk/src/rp2_common/pico_malloc/pico_malloc.c.obj (calloc)
/usr/lib/gcc/arm-none-eabi/9.2.1/../../../arm-none-eabi/lib/thumb/v6-m/nofp/libc.a(lib_a-callocr.o)
                              /usr/lib/gcc/arm-none-eabi/9.2.1/../../../arm-none-eabi/lib/thumb/v6-m/nofp/libc.a(lib_a-calloc.o) (_calloc_r)
/usr/lib/gcc/arm-none-eabi/9.2.1/../../../arm-none-eabi/lib/thumb/v6-m/nofp/libc.a(lib_a-ctype_.o)
                              CMakeFiles/rom-reader.dir/rom-reader.c.obj (_ctype_)
/usr/lib/gcc/arm-none-eabi/9.2.1/../../../arm-none-eabi/lib/thumb/v6-m/nofp/libc.a(lib_a-fini.o)
                              /usr/lib/gcc/arm-none-eabi/9.2.1/../../../arm-none-eabi/lib/thumb/v6-m/nofp/crt0.o (__libc_fini_array)
/usr/lib/gcc/arm-none-eabi/9.2.1/../../../arm-none-eabi/lib/thumb/v6-m/nofp/libc.a(lib_a-impure.o)
                              /usr/lib/gcc/arm-none-eabi/9.2.1/../../../arm-none-eabi/lib/thumb/v6-m/nofp/libc.a(lib_a-calloc.o) (_impure_ptr)
/usr/lib/gcc/arm-none-eabi/9.2.1/../../../arm-none-eabi/lib/thumb/v6-m/nofp/libc.a(lib_a-init.o)
                              /usr/lib/gcc/arm-none-eabi/9.2.1/../../../arm-none-eabi/lib/thumb/v6-m/nofp/crt0.o (__libc_init_array)
/usr/lib/gcc/arm-none-eabi/9.2.1/../../../arm-none-eabi/lib/thumb/v6-m/nofp/libc.a(lib_a-malloc.o)
                              CMakeFiles/rom-reader.dir/tree/downloaded_tools/pico/pico-sdk/src/rp2_common/pico_malloc/pico_malloc.c.obj (malloc)
/usr/lib/gcc/arm-none-eabi/9.2.1/../../../arm-none-eabi/lib/thumb/v6-m/nofp/libc.a(lib_a-mallocr.o)
                              /usr/lib/gcc/arm-none-eabi/9.2.1/../../../arm-none-eabi/lib/thumb/v6-m/nofp/libc.a(lib_a-callocr.o) (_malloc_r)
/usr/lib/gcc/arm-none-eabi/9.2.1/../../../arm-none-eabi/lib/thumb/v6-m/nofp/libc.a(lib_a-mlock.o)
                              /usr/lib/gcc/arm-none-eabi/9.2.1/../../../arm-none-eabi/lib/thumb/v6-m/nofp/libc.a(lib_a-mallocr.o) (__malloc_lock)
/usr/lib/gcc/arm-none-eabi/9.2.1/../../../arm-none-eabi/lib/thumb/v6-m/nofp/libc.a(lib_a-rand.o)
                              CMakeFiles/rom-reader.dir/rom-reader.c.obj (srand)
/usr/lib/gcc/arm-none-eabi/9.2.1/../../../arm-none-eabi/lib/thumb/v6-m/nofp/libc.a(lib_a-realloc.o)
                              CMakeFiles/rom-reader.dir/tree/downloaded_tools/pico/pico-sdk/src/rp2_common/pico_malloc/pico_malloc.c.obj (realloc)
/usr/lib/gcc/arm-none-eabi/9.2.1/../../../arm-none-eabi/lib/thumb/v6-m/nofp/libc.a(lib_a-reallocr.o)
                              /usr/lib/gcc/arm-none-eabi/9.2.1/../../../arm-none-eabi/lib/thumb/v6-m/nofp/libc.a(lib_a-realloc.o) (_realloc_r)
/usr/lib/gcc/arm-none-eabi/9.2.1/../../../arm-none-eabi/lib/thumb/v6-m/nofp/libc.a(lib_a-sbrkr.o)
                              /usr/lib/gcc/arm-none-eabi/9.2.1/../../../arm-none-eabi/lib/thumb/v6-m/nofp/libc.a(lib_a-mallocr.o) (_sbrk_r)
/usr/lib/gcc/arm-none-eabi/9.2.1/../../../arm-none-eabi/lib/thumb/v6-m/nofp/libc.a(lib_a-scanf.o)
                              CMakeFiles/rom-reader.dir/rom-reader.c.obj (scanf)
/usr/lib/gcc/arm-none-eabi/9.2.1/../../../arm-none-eabi/lib/thumb/v6-m/nofp/libc.a(lib_a-strlen-stub.o)
                              CMakeFiles/rom-reader.dir/tree/downloaded_tools/pico/pico-sdk/src/rp2_common/pico_stdio/stdio.c.obj (strlen)
/usr/lib/gcc/arm-none-eabi/9.2.1/../../../arm-none-eabi/lib/thumb/v6-m/nofp/libc.a(lib_a-vfscanf.o)
                              /usr/lib/gcc/arm-none-eabi/9.2.1/../../../arm-none-eabi/lib/thumb/v6-m/nofp/libc.a(lib_a-scanf.o) (_vfscanf_r)
/usr/lib/gcc/arm-none-eabi/9.2.1/../../../arm-none-eabi/lib/thumb/v6-m/nofp/libc.a(lib_a-__atexit.o)
                              /usr/lib/gcc/arm-none-eabi/9.2.1/../../../arm-none-eabi/lib/thumb/v6-m/nofp/libc.a(lib_a-atexit.o) (__register_exitproc)
/usr/lib/gcc/arm-none-eabi/9.2.1/../../../arm-none-eabi/lib/thumb/v6-m/nofp/libc.a(lib_a-findfp.o)
                              /usr/lib/gcc/arm-none-eabi/9.2.1/../../../arm-none-eabi/lib/thumb/v6-m/nofp/libc.a(lib_a-vfscanf.o) (__sinit)
/usr/lib/gcc/arm-none-eabi/9.2.1/../../../arm-none-eabi/lib/thumb/v6-m/nofp/libc.a(lib_a-fread.o)
                              /usr/lib/gcc/arm-none-eabi/9.2.1/../../../arm-none-eabi/lib/thumb/v6-m/nofp/libc.a(lib_a-vfscanf.o) (_fread_r)
[...]
Memory Configuration

Name             Origin             Length             Attributes
FLASH            0x0000000010000000 0x0000000000200000 xr
RAM              0x0000000020000000 0x0000000000040000 xrw
SCRATCH_X        0x0000000020040000 0x0000000000001000 xrw
SCRATCH_Y        0x0000000020041000 0x0000000000001000 xrw
*default*        0x0000000000000000 0xffffffffffffffff

Linker script and memory map

LOAD /usr/lib/gcc/arm-none-eabi/9.2.1/thumb/v6-m/nofp/crti.o
LOAD /usr/lib/gcc/arm-none-eabi/9.2.1/thumb/v6-m/nofp/crtbegin.o
LOAD /usr/lib/gcc/arm-none-eabi/9.2.1/../../../arm-none-eabi/lib/thumb/v6-m/nofp/crt0.o

.flash_begin    0x0000000010000000        0x0
                0x0000000010000000                __flash_binary_start = .

.boot2          0x0000000010000000      0x100
                0x0000000010000000                __boot2_start__ = .
 *(.boot2)
 .boot2         0x0000000010000000      0x100 /tmp/ccsJuCC2.o
                0x0000000010000100                __boot2_end__ = .
                0x0000000000000001                ASSERT (((__boot2_end__ - __boot2_start__) == 0x100), ERROR: Pico second stage bootloader must be 256 bytes in size)

.flashtext      0x0000000010000100      0x1e0
                0x0000000010000100                __logical_binary_start = .
 *(.vectors)
 .vectors       0x0000000010000100       0xd4 CMakeFiles/rom-reader.dir/tree/downloaded_tools/pico/pico-sdk/src/rp2_common/pico_standard_link/crt0.S.obj
                0x0000000010000100                __vectors
                0x0000000010000100                __VECTOR_TABLE
                0x00000000100001c0                isr_invalid
                0x00000000100001c0                __default_isrs_start
                0x00000000100001c2                isr_nmi
                0x00000000100001c4                isr_hardfault
                0x00000000100001c6                isr_svcall
                0x00000000100001c8                isr_pendsv
                0x00000000100001ca                isr_systick
                0x00000000100001cc                isr_irq30
                0x00000000100001cc                __unhandled_user_irq
                0x00000000100001cc                isr_irq13
                0x00000000100001cc                isr_irq27
                0x00000000100001cc                isr_irq31
                0x00000000100001cc                isr_irq5
                0x00000000100001cc                isr_irq11
                0x00000000100001cc                isr_irq23
                0x00000000100001cc                isr_irq18
                0x00000000100001cc                isr_irq28
                0x00000000100001cc                isr_irq19
                0x00000000100001cc                isr_irq0
                0x00000000100001cc                isr_irq6
                0x00000000100001cc                isr_irq22
                0x00000000100001cc                isr_irq17
                0x00000000100001cc                isr_irq14
                0x00000000100001cc                isr_irq2
                0x00000000100001cc                isr_irq10
                0x00000000100001cc                isr_irq8
                0x00000000100001cc                isr_irq24
                0x00000000100001cc                isr_irq1
                0x00000000100001cc                isr_irq7
                0x00000000100001cc                isr_irq21
                0x00000000100001cc                isr_irq20
                0x00000000100001cc                isr_irq15
                0x00000000100001cc                isr_irq25
                0x00000000100001cc                isr_irq4
                0x00000000100001cc                isr_irq16
                0x00000000100001cc                isr_irq29
                0x00000000100001cc                isr_irq26
                0x00000000100001cc                __default_isrs_end
                0x00000000100001cc                isr_irq3
                0x00000000100001cc                isr_irq12
                0x00000000100001cc                isr_irq9
                0x00000000100001d2                unhandled_user_irq_num_in_r0
 *(.binary_info_header)
 .binary_info_header
                0x00000000100001d4       0x14 CMakeFiles/rom-reader.dir/tree/downloaded_tools/pico/pico-sdk/src/rp2_common/pico_standard_link/crt0.S.obj
                0x00000000100001e8                __binary_info_header_end = .
 *(.reset)
 .reset         0x00000000100001e8       0xb4 CMakeFiles/rom-reader.dir/tree/downloaded_tools/pico/pico-sdk/src/rp2_common/pico_standard_link/crt0.S.obj
                0x00000000100001e8                _entry_point
                0x0000000010000272                __get_current_exception
 *fill*         0x000000001000029c        0x4 
 .reset.__stub  0x00000000100002a0       0x10 linker stubs
 .reset         0x00000000100002b0       0x30 CMakeFiles/rom-reader.dir/tree/downloaded_tools/pico/pico-sdk/src/rp2_common/pico_standard_link/binary_info.c.obj

.rodata         0x00000000100002e0        0x0
 *(SORT_BY_ALIGNMENT(SORT_BY_NAME(.flashdata*)))
                0x00000000100002e0                . = ALIGN (0x4)

.ARM.extab
 *(.ARM.extab* .gnu.linkonce.armextab.*)
                0x00000000100002e0                __exidx_start = .

.ARM.exidx
 *(.ARM.exidx* .gnu.linkonce.armexidx.*)
                0x00000000100002e0                __exidx_end = .
                0x00000000100002e0                . = ALIGN (0x4)
                0x00000000100002e0                __binary_info_start = .

.binary_info    0x00000000100002e0       0x2c
 *(.binary_info.keep.*)
 .binary_info.keep.__bi_ptr22
                0x00000000100002e0        0x4 CMakeFiles/rom-reader.dir/tree/downloaded_tools/pico/pico-sdk/src/rp2_common/pico_standard_link/binary_info.c.obj
 .binary_info.keep.__bi_ptr30
                0x00000000100002e4        0x4 CMakeFiles/rom-reader.dir/tree/downloaded_tools/pico/pico-sdk/src/rp2_common/pico_standard_link/binary_info.c.obj
 .binary_info.keep.__bi_ptr38
                0x00000000100002e8        0x4 CMakeFiles/rom-reader.dir/tree/downloaded_tools/pico/pico-sdk/src/rp2_common/pico_standard_link/binary_info.c.obj
 .binary_info.keep.__bi_ptr44
                0x00000000100002ec        0x4 CMakeFiles/rom-reader.dir/tree/downloaded_tools/pico/pico-sdk/src/rp2_common/pico_standard_link/binary_info.c.obj
 .binary_info.keep.__bi_ptr50
                0x00000000100002f0        0x4 CMakeFiles/rom-reader.dir/tree/downloaded_tools/pico/pico-sdk/src/rp2_common/pico_standard_link/binary_info.c.obj
 .binary_info.keep.__bi_ptr56
                0x00000000100002f4        0x4 CMakeFiles/rom-reader.dir/tree/downloaded_tools/pico/pico-sdk/src/rp2_common/pico_standard_link/binary_info.c.obj
 .binary_info.keep.__bi_ptr75
                0x00000000100002f8        0x4 CMakeFiles/rom-reader.dir/tree/downloaded_tools/pico/pico-sdk/src/rp2_common/pico_standard_link/binary_info.c.obj
 .binary_info.keep.__bi_ptr81
                0x00000000100002fc        0x4 CMakeFiles/rom-reader.dir/tree/downloaded_tools/pico/pico-sdk/src/rp2_common/pico_standard_link/binary_info.c.obj
 *(.binary_info.*)
 .binary_info.__bi_ptr28
                0x0000000010000300        0x4 CMakeFiles/rom-reader.dir/tree/downloaded_tools/pico/pico-sdk/src/rp2_common/pico_stdio_uart/stdio_uart.c.obj
 .binary_info.__bi_ptr29
                0x0000000010000304        0x4 CMakeFiles/rom-reader.dir/tree/downloaded_tools/pico/pico-sdk/src/rp2_common/pico_stdio_uart/stdio_uart.c.obj
 .binary_info.__bi_ptr118
                0x0000000010000308        0x4 CMakeFiles/rom-reader.dir/tree/downloaded_tools/pico/pico-sdk/src/rp2_common/pico_stdio_usb/stdio_usb.c.obj
                0x000000001000030c                __binary_info_end = .
                0x000000001000030c                . = ALIGN (0x4)

.ram_vector_table
                0x0000000020000000       0xc0
 *(.ram_vector_table)
 .ram_vector_table
                0x0000000020000000       0xc0 CMakeFiles/rom-reader.dir/tree/downloaded_tools/pico/pico-sdk/src/rp2_common/pico_runtime/runtime.c.obj
                0x0000000020000000                ram_vector_table

.text           0x00000000200000c0     0xd5a0 load address 0x000000001000030c
                0x00000000200000c0                __ram_text_start__ = .
 *(.init)
 .init          0x00000000200000c0        0x4 /usr/lib/gcc/arm-none-eabi/9.2.1/thumb/v6-m/nofp/crti.o
                0x00000000200000c0                _init
 *(.text*)
 .text          0x00000000200000c4       0x98 /usr/lib/gcc/arm-none-eabi/9.2.1/thumb/v6-m/nofp/crtbegin.o
 .text.setup_menu
                0x000000002000015c       0xa0 CMakeFiles/rom-reader.dir/rom-reader.c.obj
                0x000000002000015c                setup_menu
 .text.usb_dump
                0x00000000200001fc      0x29c CMakeFiles/rom-reader.dir/rom-reader.c.obj
                0x00000000200001fc                usb_dump
 .text.slot_dump
                0x0000000020000498       0xbc CMakeFiles/rom-reader.dir/rom-reader.c.obj
                0x0000000020000498                slot_dump
 .text.clear_slot_data
                0x0000000020000554       0xb4 CMakeFiles/rom-reader.dir/rom-reader.c.obj
                0x0000000020000554                clear_slot_data
 .text.check_config_entry
                0x0000000020000608      0x36c CMakeFiles/rom-reader.dir/rom-reader.c.obj
                0x0000000020000608                check_config_entry
 .text.startup.main
                0x0000000020000974      0x108 CMakeFiles/rom-reader.dir/rom-reader.c.obj
                0x0000000020000974                main
 .text.gpio_set_function
                0x0000000020000a7c       0x30 CMakeFiles/rom-reader.dir/tree/downloaded_tools/pico/pico-sdk/src/rp2_common/hardware_gpio/gpio.c.obj
                0x0000000020000a7c                gpio_set_function
 .text.gpio_init
                0x0000000020000aac       0x3c CMakeFiles/rom-reader.dir/tree/downloaded_tools/pico/pico-sdk/src/rp2_common/hardware_gpio/gpio.c.obj
                0x0000000020000aac                gpio_init
 .text.hw_claim_or_assert
                0x0000000020000ae8       0x48 CMakeFiles/rom-reader.dir/tree/downloaded_tools/pico/pico-sdk/src/rp2_common/hardware_claim/claim.c.obj
                0x0000000020000ae8                hw_claim_or_assert
 .text.hw_claim_unused_from_range
                0x0000000020000b30       0x9c CMakeFiles/rom-reader.dir/tree/downloaded_tools/pico/pico-sdk/src/rp2_common/hardware_claim/claim.c.obj
                0x0000000020000b30                hw_claim_unused_from_range
 .text.running_on_fpga
                0x0000000020000bcc       0x10 CMakeFiles/rom-reader.dir/tree/downloaded_tools/pico/pico-sdk/src/rp2_common/pico_platform/platform.c.obj
                0x0000000020000bcc                running_on_fpga
 .text.spin_locks_reset
                0x0000000020000bdc       0x1c CMakeFiles/rom-reader.dir/tree/downloaded_tools/pico/pico-sdk/src/rp2_common/hardware_sync/sync.c.obj
                0x0000000020000bdc                spin_locks_reset
 .text.next_striped_spin_lock_num
                0x0000000020000bf8       0x18 CMakeFiles/rom-reader.dir/tree/downloaded_tools/pico/pico-sdk/src/rp2_common/hardware_sync/sync.c.obj
                0x0000000020000bf8                next_striped_spin_lock_num
 .text.spin_lock_claim_unused
                0x0000000020000c10       0x20 CMakeFiles/rom-reader.dir/tree/downloaded_tools/pico/pico-sdk/src/rp2_common/hardware_sync/sync.c.obj
                0x0000000020000c10                spin_lock_claim_unused
 .text.irq_set_enabled
                0x0000000020000c30       0x24 CMakeFiles/rom-reader.dir/tree/downloaded_tools/pico/pico-sdk/src/rp2_common/hardware_irq/irq.c.obj
                0x0000000020000c30                irq_set_enabled
 .text.irq_set_pending
                0x0000000020000c54       0x10 CMakeFiles/rom-reader.dir/tree/downloaded_tools/pico/pico-sdk/src/rp2_common/hardware_irq/irq.c.obj
                0x0000000020000c54                irq_set_pending
 .text.irq_has_shared_handler
                0x0000000020000c64       0x2c CMakeFiles/rom-reader.dir/tree/downloaded_tools/pico/pico-sdk/src/rp2_common/hardware_irq/irq.c.obj
                0x0000000020000c64                irq_has_shared_handler
 .text.irq_get_vtable_handler
                0x0000000020000c90       0x10 CMakeFiles/rom-reader.dir/tree/downloaded_tools/pico/pico-sdk/src/rp2_common/hardware_irq/irq.c.obj
                0x0000000020000c90                irq_get_vtable_handler
 .text.irq_set_exclusive_handler
                0x0000000020000ca0       0x54 CMakeFiles/rom-reader.dir/tree/downloaded_tools/pico/pico-sdk/src/rp2_common/hardware_irq/irq.c.obj
                0x0000000020000ca0                irq_set_exclusive_handler
 .text.irq_add_shared_handler
                0x0000000020000cf4      0x1c0 CMakeFiles/rom-reader.dir/tree/downloaded_tools/pico/pico-sdk/src/rp2_common/hardware_irq/irq.c.obj
                0x0000000020000cf4                irq_add_shared_handler
 .text.irq_remove_handler
                0x0000000020000eb4      0x1b4 CMakeFiles/rom-reader.dir/tree/downloaded_tools/pico/pico-sdk/src/rp2_common/hardware_irq/irq.c.obj
                0x0000000020000eb4                irq_remove_handler
 .text.irq_add_tail_to_free_list
                0x0000000020001068       0xb8 CMakeFiles/rom-reader.dir/tree/downloaded_tools/pico/pico-sdk/src/rp2_common/hardware_irq/irq.c.obj
                0x0000000020001068                irq_add_tail_to_free_list
 .text.irq_init_priorities
                0x0000000020001120       0x24 CMakeFiles/rom-reader.dir/tree/downloaded_tools/pico/pico-sdk/src/rp2_common/hardware_irq/irq.c.obj
                0x0000000020001120                irq_init_priorities
 .text.user_irq_claim_unused
                0x0000000020001144       0x30 CMakeFiles/rom-reader.dir/tree/downloaded_tools/pico/pico-sdk/src/rp2_common/hardware_irq/irq.c.obj
                0x0000000020001144                user_irq_claim_unused
 .text.lock_init
                0x0000000020001174       0x10 CMakeFiles/rom-reader.dir/tree/downloaded_tools/pico/pico-sdk/src/common/pico_sync/lock_core.c.obj
                0x0000000020001174                lock_init
 .text.timer_pool_entry_comparator
                0x0000000020001184       0x34 CMakeFiles/rom-reader.dir/tree/downloaded_tools/pico/pico-sdk/src/common/pico_time/time.c.obj
                0x0000000020001184                timer_pool_entry_comparator
 .text.sleep_until_callback
                0x00000000200011b8       0x30 CMakeFiles/rom-reader.dir/tree/downloaded_tools/pico/pico-sdk/src/common/pico_time/time.c.obj
 .text.alarm_pool_add_alarm_at.constprop.0
                0x00000000200011e8      0x128 CMakeFiles/rom-reader.dir/tree/downloaded_tools/pico/pico-sdk/src/common/pico_time/time.c.obj
 .text.add_alarm_under_lock
                0x0000000020001310      0x108 CMakeFiles/rom-reader.dir/tree/downloaded_tools/pico/pico-sdk/src/common/pico_time/time.c.obj
 .text.alarm_pool_alarm_callback
                0x0000000020001418      0x1c8 CMakeFiles/rom-reader.dir/tree/downloaded_tools/pico/pico-sdk/src/common/pico_time/time.c.obj
 .text.alarm_pool_init_default
                0x00000000200015e0       0x64 CMakeFiles/rom-reader.dir/tree/downloaded_tools/pico/pico-sdk/src/common/pico_time/time.c.obj
                0x00000000200015e0                alarm_pool_init_default
 .text.alarm_pool_get_default
                0x0000000020001644        0x8 CMakeFiles/rom-reader.dir/tree/downloaded_tools/pico/pico-sdk/src/common/pico_time/time.c.obj
                0x0000000020001644                alarm_pool_get_default
 .text.alarm_pool_add_alarm_at
                0x000000002000164c      0x1ac CMakeFiles/rom-reader.dir/tree/downloaded_tools/pico/pico-sdk/src/common/pico_time/time.c.obj
                0x000000002000164c                alarm_pool_add_alarm_at
 .text.sleep_until
                0x00000000200017f8       0xac CMakeFiles/rom-reader.dir/tree/downloaded_tools/pico/pico-sdk/src/common/pico_time/time.c.obj
                0x00000000200017f8                sleep_until
 .text.sleep_ms
                0x00000000200018a4       0x38 CMakeFiles/rom-reader.dir/tree/downloaded_tools/pico/pico-sdk/src/common/pico_time/time.c.obj
                0x00000000200018a4                sleep_ms
 .text.best_effort_wfe_or_timeout
                0x00000000200018dc       0xd4 CMakeFiles/rom-reader.dir/tree/downloaded_tools/pico/pico-sdk/src/common/pico_time/time.c.obj
                0x00000000200018dc                best_effort_wfe_or_timeout
 .text.hardware_alarm_irq_handler
                0x00000000200019b0       0xb8 CMakeFiles/rom-reader.dir/tree/downloaded_tools/pico/pico-sdk/src/rp2_common/hardware_timer/timer.c.obj
 .text.hardware_alarm_claim
                0x0000000020001a68       0x18 CMakeFiles/rom-reader.dir/tree/downloaded_tools/pico/pico-sdk/src/rp2_common/hardware_timer/timer.c.obj
                0x0000000020001a68                hardware_alarm_claim
 .text.time_us_64
                0x0000000020001a80       0x14 CMakeFiles/rom-reader.dir/tree/downloaded_tools/pico/pico-sdk/src/rp2_common/hardware_timer/timer.c.obj
                0x0000000020001a80                time_us_64
 .text.busy_wait_us
                0x0000000020001a94       0x54 CMakeFiles/rom-reader.dir/tree/downloaded_tools/pico/pico-sdk/src/rp2_common/hardware_timer/timer.c.obj
                0x0000000020001a94                busy_wait_us
 .text.busy_wait_until
                0x0000000020001ae8       0x20 CMakeFiles/rom-reader.dir/tree/downloaded_tools/pico/pico-sdk/src/rp2_common/hardware_timer/timer.c.obj
                0x0000000020001ae8                busy_wait_until
 .text.hardware_alarm_set_callback
                0x0000000020001b08       0x8c CMakeFiles/rom-reader.dir/tree/downloaded_tools/pico/pico-sdk/src/rp2_common/hardware_timer/timer.c.obj
                0x0000000020001b08                hardware_alarm_set_callback
 .text.hardware_alarm_set_target
                0x0000000020001b94       0xe4 CMakeFiles/rom-reader.dir/tree/downloaded_tools/pico/pico-sdk/src/rp2_common/hardware_timer/timer.c.obj
                0x0000000020001b94                hardware_alarm_set_target
 .text.hardware_alarm_cancel
                0x0000000020001c78       0x40 CMakeFiles/rom-reader.dir/tree/downloaded_tools/pico/pico-sdk/src/rp2_common/hardware_timer/timer.c.obj
                0x0000000020001c78                hardware_alarm_cancel
 .text.ph_merge_nodes
                0x0000000020001cb8       0x68 CMakeFiles/rom-reader.dir/tree/downloaded_tools/pico/pico-sdk/src/common/pico_util/pheap.c.obj
 .text.ph_post_alloc_init
                0x0000000020001d20       0x3c CMakeFiles/rom-reader.dir/tree/downloaded_tools/pico/pico-sdk/src/common/pico_util/pheap.c.obj
                0x0000000020001d20                ph_post_alloc_init
 .text.ph_merge_two_pass
                0x0000000020001d5c       0x90 CMakeFiles/rom-reader.dir/tree/downloaded_tools/pico/pico-sdk/src/common/pico_util/pheap.c.obj
                0x0000000020001d5c                ph_merge_two_pass
 .text.ph_remove_any_head
                0x0000000020001dec       0xf8 CMakeFiles/rom-reader.dir/tree/downloaded_tools/pico/pico-sdk/src/common/pico_util/pheap.c.obj
 .text.ph_remove_head
                0x0000000020001ee4      0x13c CMakeFiles/rom-reader.dir/tree/downloaded_tools/pico/pico-sdk/src/common/pico_util/pheap.c.obj
                0x0000000020001ee4                ph_remove_head
 .text.ph_remove_and_free_node
                0x0000000020002020       0x7c CMakeFiles/rom-reader.dir/tree/downloaded_tools/pico/pico-sdk/src/common/pico_util/pheap.c.obj
                0x0000000020002020                ph_remove_and_free_node
 .text.mutex_init
                0x000000002000209c       0x1c CMakeFiles/rom-reader.dir/tree/downloaded_tools/pico/pico-sdk/src/common/pico_sync/mutex.c.obj
                0x000000002000209c                mutex_init
 .text.recursive_mutex_init
                0x00000000200020b8       0x1c CMakeFiles/rom-reader.dir/tree/downloaded_tools/pico/pico-sdk/src/common/pico_sync/mutex.c.obj
                0x00000000200020b8                recursive_mutex_init
 .text.critical_section_init
                0x00000000200020d4       0x1c CMakeFiles/rom-reader.dir/tree/downloaded_tools/pico/pico-sdk/src/common/pico_sync/critical_section.c.obj
                0x00000000200020d4                critical_section_init
 .text.uart_init
                0x00000000200020f0       0xe4 CMakeFiles/rom-reader.dir/tree/downloaded_tools/pico/pico-sdk/src/rp2_common/hardware_uart/uart.c.obj
                0x00000000200020f0                uart_init
 .text.runtime_init
                0x00000000200021d4       0xf0 CMakeFiles/rom-reader.dir/tree/downloaded_tools/pico/pico-sdk/src/rp2_common/pico_runtime/runtime.c.obj
                0x00000000200021d4                runtime_init
 .text._sbrk    0x00000000200022c4       0x34 CMakeFiles/rom-reader.dir/tree/downloaded_tools/pico/pico-sdk/src/rp2_common/pico_runtime/runtime.c.obj
                0x00000000200022c4                _sbrk
 .text.exit     0x00000000200022f8        0x4 CMakeFiles/rom-reader.dir/tree/downloaded_tools/pico/pico-sdk/src/rp2_common/pico_runtime/runtime.c.obj
                0x00000000200022f8                exit
 .text.__assert_func
                0x00000000200022fc       0x34 CMakeFiles/rom-reader.dir/tree/downloaded_tools/pico/pico-sdk/src/rp2_common/pico_runtime/runtime.c.obj
                0x00000000200022fc                __assert_func
 .text.panic    0x0000000020002330       0x30 CMakeFiles/rom-reader.dir/tree/downloaded_tools/pico/pico-sdk/src/rp2_common/pico_runtime/runtime.c.obj
                0x0000000020002330                panic
 .text.hard_assertion_failure
                0x0000000020002360        0xc CMakeFiles/rom-reader.dir/tree/downloaded_tools/pico/pico-sdk/src/rp2_common/pico_runtime/runtime.c.obj
                0x0000000020002360                hard_assertion_failure
 .text.clocks_init
                0x000000002000236c      0x2bc CMakeFiles/rom-reader.dir/tree/downloaded_tools/pico/pico-sdk/src/rp2_common/hardware_clocks/clocks.c.obj
                0x000000002000236c                clocks_init
 .text.clock_get_hz
                0x0000000020002628        0xc CMakeFiles/rom-reader.dir/tree/downloaded_tools/pico/pico-sdk/src/rp2_common/hardware_clocks/clocks.c.obj
                0x0000000020002628                clock_get_hz
 .text.pll_init
                0x0000000020002634       0xa8 CMakeFiles/rom-reader.dir/tree/downloaded_tools/pico/pico-sdk/src/rp2_common/hardware_pll/pll.c.obj
                0x0000000020002634                pll_init
 .text.watchdog_start_tick
                0x00000000200026dc       0x10 CMakeFiles/rom-reader.dir/tree/downloaded_tools/pico/pico-sdk/src/rp2_common/hardware_watchdog/watchdog.c.obj
                0x00000000200026dc                watchdog_start_tick
 .text.watchdog_reboot
                0x00000000200026ec       0x98 CMakeFiles/rom-reader.dir/tree/downloaded_tools/pico/pico-sdk/src/rp2_common/hardware_watchdog/watchdog.c.obj
                0x00000000200026ec                watchdog_reboot
 .text.xosc_init
                0x0000000020002784       0x28 CMakeFiles/rom-reader.dir/tree/downloaded_tools/pico/pico-sdk/src/rp2_common/hardware_xosc/xosc.c.obj
                0x0000000020002784                xosc_init
 .text._out_buffer
                0x00000000200027ac        0x8 CMakeFiles/rom-reader.dir/tree/downloaded_tools/pico/pico-sdk/src/rp2_common/pico_printf/printf.c.obj
 .text._out_null
                0x00000000200027b4        0x4 CMakeFiles/rom-reader.dir/tree/downloaded_tools/pico/pico-sdk/src/rp2_common/pico_printf/printf.c.obj
 .text._out_rev
                0x00000000200027b8       0xd0 CMakeFiles/rom-reader.dir/tree/downloaded_tools/pico/pico-sdk/src/rp2_common/pico_printf/printf.c.obj
 .text._ntoa_format
                0x0000000020002888      0x1d0 CMakeFiles/rom-reader.dir/tree/downloaded_tools/pico/pico-sdk/src/rp2_common/pico_printf/printf.c.obj
 .text._out_char
                0x0000000020002a58       0x10 CMakeFiles/rom-reader.dir/tree/downloaded_tools/pico/pico-sdk/src/rp2_common/pico_printf/printf.c.obj
 .text._out_fct
                0x0000000020002a68       0x10 CMakeFiles/rom-reader.dir/tree/downloaded_tools/pico/pico-sdk/src/rp2_common/pico_printf/printf.c.obj
 .text._etoa    0x0000000020002a78      0x478 CMakeFiles/rom-reader.dir/tree/downloaded_tools/pico/pico-sdk/src/rp2_common/pico_printf/printf.c.obj
 .text._ftoa    0x0000000020002ef0      0x3e0 CMakeFiles/rom-reader.dir/tree/downloaded_tools/pico/pico-sdk/src/rp2_common/pico_printf/printf.c.obj
 .text._vsnprintf
                0x00000000200032d0      0xb08 CMakeFiles/rom-reader.dir/tree/downloaded_tools/pico/pico-sdk/src/rp2_common/pico_printf/printf.c.obj
 .text.__wrap_sprintf
                0x0000000020003dd8       0x28 CMakeFiles/rom-reader.dir/tree/downloaded_tools/pico/pico-sdk/src/rp2_common/pico_printf/printf.c.obj
                0x0000000020003dd8                __wrap_sprintf
 .text.vfctprintf
                0x0000000020003e00       0x20 CMakeFiles/rom-reader.dir/tree/downloaded_tools/pico/pico-sdk/src/rp2_common/pico_printf/printf.c.obj
                0x0000000020003e00                vfctprintf
 .text.weak_raw_printf
                0x0000000020003e20       0x40 CMakeFiles/rom-reader.dir/tree/downloaded_tools/pico/pico-sdk/src/rp2_common/pico_printf/printf.c.obj
                0x0000000020003e20                weak_raw_printf
 .text.weak_raw_vprintf
                0x0000000020003e60       0x30 CMakeFiles/rom-reader.dir/tree/downloaded_tools/pico/pico-sdk/src/rp2_common/pico_printf/printf.c.obj
                0x0000000020003e60                weak_raw_vprintf
 .text          0x0000000020003e90       0x10 CMakeFiles/rom-reader.dir/tree/downloaded_tools/pico/pico-sdk/src/rp2_common/pico_bit_ops/bit_ops_aeabi.S.obj
 .text.rom_func_lookup
                0x0000000020003ea0       0x10 CMakeFiles/rom-reader.dir/tree/downloaded_tools/pico/pico-sdk/src/rp2_common/pico_bootrom/bootrom.c.obj
                0x0000000020003ea0                rom_func_lookup
 .text.rom_data_lookup
                0x0000000020003eb0       0x10 CMakeFiles/rom-reader.dir/tree/downloaded_tools/pico/pico-sdk/src/rp2_common/pico_bootrom/bootrom.c.obj
                0x0000000020003eb0                rom_data_lookup
 .text.rom_funcs_lookup
                0x0000000020003ec0       0x3c CMakeFiles/rom-reader.dir/tree/downloaded_tools/pico/pico-sdk/src/rp2_common/pico_bootrom/bootrom.c.obj
                0x0000000020003ec0                rom_funcs_lookup
 .text.__wrap___aeabi_idiv
                0x0000000020003efc       0x50 CMakeFiles/rom-reader.dir/tree/downloaded_tools/pico/pico-sdk/src/rp2_common/pico_divider/divider.S.obj
                0x0000000020003efc                __wrap___aeabi_idivmod
                0x0000000020003efc                divmod_s32s32
                0x0000000020003efc                div_s32s32
                0x0000000020003efc                __wrap___aeabi_idiv
                0x0000000020003f04                divmod_s32s32_unsafe
                0x0000000020003f30                divmod_s32s32_savestate
 .text.__wrap___aeabi_uidiv
                0x0000000020003f4c       0x4c CMakeFiles/rom-reader.dir/tree/downloaded_tools/pico/pico-sdk/src/rp2_common/pico_divider/divider.S.obj
                0x0000000020003f4c                __wrap___aeabi_uidiv
                0x0000000020003f4c                __wrap___aeabi_uidivmod
                0x0000000020003f4c                div_u32u32
                0x0000000020003f4c                divmod_u32u32
                0x0000000020003f54                divmod_u32u32_unsafe
                0x0000000020003f7c                divmod_u32u32_savestate
 .text.__wrap___aeabi_ldiv
                0x0000000020003f98      0x434 CMakeFiles/rom-reader.dir/tree/downloaded_tools/pico/pico-sdk/src/rp2_common/pico_divider/divider.S.obj
                0x0000000020003f98                div_s64s64
                0x0000000020003f98                divmod_s64s64
                0x0000000020003f98                __wrap___aeabi_ldivmod
                0x0000000020003fd0                div_u64u64
                0x0000000020003fd0                divmod_u64u64
                0x0000000020003fd0                __wrap___aeabi_uldivmod
                0x0000000020003fe0                divmod_u64u64_savestate
                0x0000000020004008                divmod_s64s64_unsafe
                0x0000000020004090                divmod_u64u64_unsafe
 .text.__wrap___aeabi_darithmetic
                0x00000000200043cc       0x80 CMakeFiles/rom-reader.dir/tree/downloaded_tools/pico/pico-sdk/src/rp2_common/pico_double/double_aeabi.S.obj
                0x00000000200043cc                __wrap___aeabi_drsub
                0x00000000200043d2                __wrap___aeabi_dsub
                0x00000000200043e4                __wrap___aeabi_dadd
                0x00000000200043f6                __wrap___aeabi_ddiv
                0x0000000020004432                __wrap___aeabi_dmul
 .text.__wrap___aeabi_cdcmple
                0x000000002000444c       0x6c CMakeFiles/rom-reader.dir/tree/downloaded_tools/pico/pico-sdk/src/rp2_common/pico_double/double_aeabi.S.obj
                0x000000002000444c                __wrap___aeabi_cdrcmple
                0x000000002000445c                __wrap___aeabi_cdcmple
                0x000000002000445c                __wrap___aeabi_cdcmpeq
 .text.__wrap___aeabi_dcmpeq
                0x00000000200044b8       0x10 CMakeFiles/rom-reader.dir/tree/downloaded_tools/pico/pico-sdk/src/rp2_common/pico_double/double_aeabi.S.obj
                0x00000000200044b8                __wrap___aeabi_dcmpeq
 .text.__wrap___aeabi_dcmplt
                0x00000000200044c8        0xc CMakeFiles/rom-reader.dir/tree/downloaded_tools/pico/pico-sdk/src/rp2_common/pico_double/double_aeabi.S.obj
                0x00000000200044c8                __wrap___aeabi_dcmplt
 .text.__wrap___aeabi_dcmple
                0x00000000200044d4       0x10 CMakeFiles/rom-reader.dir/tree/downloaded_tools/pico/pico-sdk/src/rp2_common/pico_double/double_aeabi.S.obj
                0x00000000200044d4                __wrap___aeabi_dcmple
 .text.__wrap___aeabi_dcmpge
                0x00000000200044e4       0x10 CMakeFiles/rom-reader.dir/tree/downloaded_tools/pico/pico-sdk/src/rp2_common/pico_double/double_aeabi.S.obj
                0x00000000200044e4                __wrap___aeabi_dcmpge
 .text.__wrap___aeabi_dcmpgt
                0x00000000200044f4        0xa CMakeFiles/rom-reader.dir/tree/downloaded_tools/pico/pico-sdk/src/rp2_common/pico_double/double_aeabi.S.obj
                0x00000000200044f4                __wrap___aeabi_dcmpgt
 .text.__wrap___aeabi_dcmpun
                0x00000000200044fe       0x1c CMakeFiles/rom-reader.dir/tree/downloaded_tools/pico/pico-sdk/src/rp2_common/pico_double/double_aeabi.S.obj
                0x00000000200044fe                __wrap___aeabi_dcmpun
 *fill*         0x000000002000451a        0x2 
 .text.__wrap___aeabi_i2d
                0x000000002000451c       0x38 CMakeFiles/rom-reader.dir/tree/downloaded_tools/pico/pico-sdk/src/rp2_common/pico_double/double_aeabi.S.obj
                0x000000002000451c                __wrap___aeabi_ui2d
                0x0000000020004524                __wrap___aeabi_i2d
 .text.__wrap___aeabi_d2iz
                0x0000000020004554       0x48 CMakeFiles/rom-reader.dir/tree/downloaded_tools/pico/pico-sdk/src/rp2_common/pico_double/double_aeabi.S.obj
                0x0000000020004554                __wrap___aeabi_d2iz
                0x0000000020004554                double2int_z
 .text.__wrap___aeabi_d2uiz
                0x000000002000459c       0x18 CMakeFiles/rom-reader.dir/tree/downloaded_tools/pico/pico-sdk/src/rp2_common/pico_double/double_aeabi.S.obj
                0x000000002000459c                double2uint
                0x000000002000459c                __wrap___aeabi_d2uiz
 .text.__wrap___aeabi_l2d
                0x00000000200045b4       0x18 CMakeFiles/rom-reader.dir/tree/downloaded_tools/pico/pico-sdk/src/rp2_common/pico_double/double_aeabi.S.obj
                0x00000000200045b4                __wrap___aeabi_l2d
 .text.__wrap___aeabi_d2lz
                0x00000000200045cc       0x26 CMakeFiles/rom-reader.dir/tree/downloaded_tools/pico/pico-sdk/src/rp2_common/pico_double/double_aeabi.S.obj
                0x00000000200045cc                __wrap___aeabi_d2lz
                0x00000000200045cc                double2int64_z
 *fill*         0x00000000200045f2        0x2 
 .text.double2int64
                0x00000000200045f4       0x18 CMakeFiles/rom-reader.dir/tree/downloaded_tools/pico/pico-sdk/src/rp2_common/pico_double/double_aeabi.S.obj
                0x00000000200045f4                double2int64
 .text.double2ufix64
                0x000000002000460c       0x18 CMakeFiles/rom-reader.dir/tree/downloaded_tools/pico/pico-sdk/src/rp2_common/pico_double/double_aeabi.S.obj
                0x000000002000460c                double2ufix64
 .text.__wrap___aeabi_d2f
                0x0000000020004624       0x18 CMakeFiles/rom-reader.dir/tree/downloaded_tools/pico/pico-sdk/src/rp2_common/pico_double/double_aeabi.S.obj
                0x0000000020004624                __wrap___aeabi_d2f
 .text.__aeabi_double_init
                0x000000002000463c       0xc0 CMakeFiles/rom-reader.dir/tree/downloaded_tools/pico/pico-sdk/src/rp2_common/pico_double/double_init_rom.c.obj
                0x000000002000463c                __aeabi_double_init
 .text.double_table_shim_on_use_helper
                0x00000000200046fc       0x2c CMakeFiles/rom-reader.dir/tree/downloaded_tools/pico/pico-sdk/src/rp2_common/pico_double/double_v1_rom_shim.S.obj
                0x00000000200046fc                double_table_shim_on_use_helper
 .text.__wrap___aeabi_dsub
                0x0000000020004728       0x10 CMakeFiles/rom-reader.dir/tree/downloaded_tools/pico/pico-sdk/src/rp2_common/pico_double/double_v1_rom_shim.S.obj
                0x0000000020004728                drsub_shim
                0x000000002000472e                dsub_shim
 .text.dadd_shim
                0x0000000020004738      0x15c CMakeFiles/rom-reader.dir/tree/downloaded_tools/pico/pico-sdk/src/rp2_common/pico_double/double_v1_rom_shim.S.obj
                0x0000000020004738                dadd_shim
 .text.dmul_shim
                0x0000000020004894      0x15c CMakeFiles/rom-reader.dir/tree/downloaded_tools/pico/pico-sdk/src/rp2_common/pico_double/double_v1_rom_shim.S.obj
                0x0000000020004894                dmul_shim
 .text.ddiv_shim
                0x00000000200049f0      0x1b0 CMakeFiles/rom-reader.dir/tree/downloaded_tools/pico/pico-sdk/src/rp2_common/pico_double/double_v1_rom_shim.S.obj
                0x00000000200049f0                ddiv_shim
 .text.double2uint_shim
                0x0000000020004ba0        0xe CMakeFiles/rom-reader.dir/tree/downloaded_tools/pico/pico-sdk/src/rp2_common/pico_double/double_v1_rom_shim.S.obj
                0x0000000020004ba0                double2uint_shim
                0x0000000020004ba2                double2ufix_shim
 .text.double2int64_shim
                0x0000000020004bae       0x1a CMakeFiles/rom-reader.dir/tree/downloaded_tools/pico/pico-sdk/src/rp2_common/pico_double/double_v1_rom_shim.S.obj
                0x0000000020004bae                double2int64_shim
                0x0000000020004bb0                double2fix64_shim
 .text.double2uint64_shim
                0x0000000020004bc8       0x70 CMakeFiles/rom-reader.dir/tree/downloaded_tools/pico/pico-sdk/src/rp2_common/pico_double/double_v1_rom_shim.S.obj
                0x0000000020004bc8                double2uint64_shim
                0x0000000020004bca                double2ufix64_shim
                0x0000000020004bea                d2fix_a
 .text.double2float_shim
                0x0000000020004c38       0x5c CMakeFiles/rom-reader.dir/tree/downloaded_tools/pico/pico-sdk/src/rp2_common/pico_double/double_v1_rom_shim.S.obj
                0x0000000020004c38                double2float_shim
 .text.x2double_shims
                0x0000000020004c94       0x90 CMakeFiles/rom-reader.dir/tree/downloaded_tools/pico/pico-sdk/src/rp2_common/pico_double/double_v1_rom_shim.S.obj
                0x0000000020004c94                uint2double_shim
                0x0000000020004c96                ufix2double_shim
                0x0000000020004c9c                int2double_shim
                0x0000000020004c9e                fix2double_shim
                0x0000000020004ca4                uint642double_shim
                0x0000000020004ca6                ufix642double_shim
                0x0000000020004cac                int642double_shim
                0x0000000020004cae                fix642double_shim
 .text.dunpacks
                0x0000000020004d24       0x3c CMakeFiles/rom-reader.dir/tree/downloaded_tools/pico/pico-sdk/src/rp2_common/pico_double/double_v1_rom_shim.S.obj
                0x0000000020004d24                dunpacks
 .text.__aeabi_lmul
                0x0000000020004d60       0x32 CMakeFiles/rom-reader.dir/tree/downloaded_tools/pico/pico-sdk/src/rp2_common/pico_int64_ops/pico_int64_ops_aeabi.S.obj
                0x0000000020004d60                __wrap___aeabi_lmul
 *fill*         0x0000000020004d92        0x2 
 .text.__wrap___aeabi_cfcmple
                0x0000000020004d94       0x50 CMakeFiles/rom-reader.dir/tree/downloaded_tools/pico/pico-sdk/src/rp2_common/pico_float/float_aeabi.S.obj
                0x0000000020004d94                __wrap___aeabi_cfrcmple
                0x0000000020004da0                __wrap___aeabi_cfcmpeq
                0x0000000020004da0                __wrap___aeabi_cfcmple
 .text.__wrap___aeabi_fcmple
                0x0000000020004de4       0x10 CMakeFiles/rom-reader.dir/tree/downloaded_tools/pico/pico-sdk/src/rp2_common/pico_float/float_aeabi.S.obj
                0x0000000020004de4                __wrap___aeabi_fcmple
 .text.__wrap___aeabi_fcmpun
                0x0000000020004df4       0x18 CMakeFiles/rom-reader.dir/tree/downloaded_tools/pico/pico-sdk/src/rp2_common/pico_float/float_aeabi.S.obj
                0x0000000020004df4                __wrap___aeabi_fcmpun
 .text.__aeabi_float_init
                0x0000000020004e0c       0x64 CMakeFiles/rom-reader.dir/tree/downloaded_tools/pico/pico-sdk/src/rp2_common/pico_float/float_init_rom.c.obj
                0x0000000020004e0c                __aeabi_float_init
 .text.float_table_shim_on_use_helper
                0x0000000020004e70       0x2c CMakeFiles/rom-reader.dir/tree/downloaded_tools/pico/pico-sdk/src/rp2_common/pico_float/float_v1_rom_shim.S.obj
                0x0000000020004e70                float_table_shim_on_use_helper
 .text          0x0000000020004e9c       0x10 CMakeFiles/rom-reader.dir/tree/downloaded_tools/pico/pico-sdk/src/rp2_common/pico_mem_ops/mem_ops_aeabi.S.obj
                0x0000000020004e9c                __aeabi_mem_init
 .text.memset   0x0000000020004eac        0xc CMakeFiles/rom-reader.dir/tree/downloaded_tools/pico/pico-sdk/src/rp2_common/pico_mem_ops/mem_ops_aeabi.S.obj
                0x0000000020004eac                __wrap_memset
 .text.memcpy   0x0000000020004eb8        0xc CMakeFiles/rom-reader.dir/tree/downloaded_tools/pico/pico-sdk/src/rp2_common/pico_mem_ops/mem_ops_aeabi.S.obj
                0x0000000020004eb8                __wrap___aeabi_memcpy
                0x0000000020004eb8                __wrap_memcpy
 .text.stdio_out_chars_no_crlf
                0x0000000020004ec4       0x10 CMakeFiles/rom-reader.dir/tree/downloaded_tools/pico/pico-sdk/src/rp2_common/pico_stdio/stdio.c.obj
 .text.stdio_out_chars_crlf
                0x0000000020004ed4       0x94 CMakeFiles/rom-reader.dir/tree/downloaded_tools/pico/pico-sdk/src/rp2_common/pico_stdio/stdio.c.obj
 .text.stdio_buffered_printer
                0x0000000020004f68       0x64 CMakeFiles/rom-reader.dir/tree/downloaded_tools/pico/pico-sdk/src/rp2_common/pico_stdio/stdio.c.obj
 .text.stdio_put_string
                0x0000000020004fcc      0x100 CMakeFiles/rom-reader.dir/tree/downloaded_tools/pico/pico-sdk/src/rp2_common/pico_stdio/stdio.c.obj
 .text.__wrap_putchar
                0x00000000200050cc       0xa4 CMakeFiles/rom-reader.dir/tree/downloaded_tools/pico/pico-sdk/src/rp2_common/pico_stdio/stdio.c.obj
                0x00000000200050cc                __wrap_putchar
 .text.__wrap_puts
                0x0000000020005170       0x3c CMakeFiles/rom-reader.dir/tree/downloaded_tools/pico/pico-sdk/src/rp2_common/pico_stdio/stdio.c.obj
                0x0000000020005170                __wrap_puts
 .text._read    0x00000000200051ac       0x94 CMakeFiles/rom-reader.dir/tree/downloaded_tools/pico/pico-sdk/src/rp2_common/pico_stdio/stdio.c.obj
                0x00000000200051ac                _read
 .text._write   0x0000000020005240       0xac CMakeFiles/rom-reader.dir/tree/downloaded_tools/pico/pico-sdk/src/rp2_common/pico_stdio/stdio.c.obj
                0x0000000020005240                _write
 .text.stdio_set_driver_enabled
                0x00000000200052ec       0x30 CMakeFiles/rom-reader.dir/tree/downloaded_tools/pico/pico-sdk/src/rp2_common/pico_stdio/stdio.c.obj
                0x00000000200052ec                stdio_set_driver_enabled
 .text.__wrap_vprintf
                0x000000002000531c       0xd8 CMakeFiles/rom-reader.dir/tree/downloaded_tools/pico/pico-sdk/src/rp2_common/pico_stdio/stdio.c.obj
                0x000000002000531c                __wrap_vprintf
 .text.__wrap_printf
                0x00000000200053f4       0x18 CMakeFiles/rom-reader.dir/tree/downloaded_tools/pico/pico-sdk/src/rp2_common/pico_stdio/stdio.c.obj
                0x00000000200053f4                __wrap_printf
 .text.stdio_init_all
                0x000000002000540c        0xc CMakeFiles/rom-reader.dir/tree/downloaded_tools/pico/pico-sdk/src/rp2_common/pico_stdio/stdio.c.obj
                0x000000002000540c                stdio_init_all
 .text.getchar_timeout_us
                0x0000000020005418       0xa4 CMakeFiles/rom-reader.dir/tree/downloaded_tools/pico/pico-sdk/src/rp2_common/pico_stdio/stdio.c.obj
                0x0000000020005418                getchar_timeout_us
 .text.stdio_uart_out_chars
                0x00000000200054bc       0x4c CMakeFiles/rom-reader.dir/tree/downloaded_tools/pico/pico-sdk/src/rp2_common/pico_stdio_uart/stdio_uart.c.obj
 .text.stdio_uart_in_chars
                0x0000000020005508       0x38 CMakeFiles/rom-reader.dir/tree/downloaded_tools/pico/pico-sdk/src/rp2_common/pico_stdio_uart/stdio_uart.c.obj
                0x0000000020005508                stdio_uart_in_chars
 .text.stdio_uart_init
                0x0000000020005540       0x48 CMakeFiles/rom-reader.dir/tree/downloaded_tools/pico/pico-sdk/src/rp2_common/pico_stdio_uart/stdio_uart.c.obj
                0x0000000020005540                stdio_uart_init
 .text.resetd_init
                0x0000000020005588        0x4 CMakeFiles/rom-reader.dir/tree/downloaded_tools/pico/pico-sdk/src/rp2_common/pico_stdio_usb/reset_interface.c.obj
 .text.resetd_reset
                0x000000002000558c        0xc CMakeFiles/rom-reader.dir/tree/downloaded_tools/pico/pico-sdk/src/rp2_common/pico_stdio_usb/reset_interface.c.obj
 .text.resetd_open
                0x0000000020005598       0x28 CMakeFiles/rom-reader.dir/tree/downloaded_tools/pico/pico-sdk/src/rp2_common/pico_stdio_usb/reset_interface.c.obj
 .text.resetd_xfer_cb
                0x00000000200055c0        0x4 CMakeFiles/rom-reader.dir/tree/downloaded_tools/pico/pico-sdk/src/rp2_common/pico_stdio_usb/reset_interface.c.obj
 .text.resetd_control_xfer_cb
                0x00000000200055c4       0x64 CMakeFiles/rom-reader.dir/tree/downloaded_tools/pico/pico-sdk/src/rp2_common/pico_stdio_usb/reset_interface.c.obj
 .text.usbd_app_driver_get_cb
                0x0000000020005628        0xc CMakeFiles/rom-reader.dir/tree/downloaded_tools/pico/pico-sdk/src/rp2_common/pico_stdio_usb/reset_interface.c.obj
                0x0000000020005628                usbd_app_driver_get_cb
 .text.tud_cdc_line_coding_cb
                0x0000000020005634       0x34 CMakeFiles/rom-reader.dir/tree/downloaded_tools/pico/pico-sdk/src/rp2_common/pico_stdio_usb/reset_interface.c.obj
                0x0000000020005634                tud_cdc_line_coding_cb
 .text.stdio_usb_in_chars
                0x0000000020005668       0x68 CMakeFiles/rom-reader.dir/tree/downloaded_tools/pico/pico-sdk/src/rp2_common/pico_stdio_usb/stdio_usb.c.obj
                0x0000000020005668                stdio_usb_in_chars
 .text.stdio_usb_out_chars
                0x00000000200056d0       0xec CMakeFiles/rom-reader.dir/tree/downloaded_tools/pico/pico-sdk/src/rp2_common/pico_stdio_usb/stdio_usb.c.obj
 .text.timer_task
                0x00000000200057bc       0x18 CMakeFiles/rom-reader.dir/tree/downloaded_tools/pico/pico-sdk/src/rp2_common/pico_stdio_usb/stdio_usb.c.obj
 .text.usb_irq  0x00000000200057d4       0x10 CMakeFiles/rom-reader.dir/tree/downloaded_tools/pico/pico-sdk/src/rp2_common/pico_stdio_usb/stdio_usb.c.obj
 .text.low_priority_worker_irq
                0x00000000200057e4       0x24 CMakeFiles/rom-reader.dir/tree/downloaded_tools/pico/pico-sdk/src/rp2_common/pico_stdio_usb/stdio_usb.c.obj
 .text.stdio_usb_init
                0x0000000020005808       0xb0 CMakeFiles/rom-reader.dir/tree/downloaded_tools/pico/pico-sdk/src/rp2_common/pico_stdio_usb/stdio_usb.c.obj
                0x0000000020005808                stdio_usb_init
 .text.tud_descriptor_device_cb
                0x00000000200058b8        0x8 CMakeFiles/rom-reader.dir/tree/downloaded_tools/pico/pico-sdk/src/rp2_common/pico_stdio_usb/stdio_usb_descriptors.c.obj
                0x00000000200058b8                tud_descriptor_device_cb
 .text.tud_descriptor_configuration_cb
                0x00000000200058c0        0x8 CMakeFiles/rom-reader.dir/tree/downloaded_tools/pico/pico-sdk/src/rp2_common/pico_stdio_usb/stdio_usb_descriptors.c.obj
                0x00000000200058c0                tud_descriptor_configuration_cb
 .text.tud_descriptor_string_cb
                0x00000000200058c8       0x70 CMakeFiles/rom-reader.dir/tree/downloaded_tools/pico/pico-sdk/src/rp2_common/pico_stdio_usb/stdio_usb_descriptors.c.obj
                0x00000000200058c8                tud_descriptor_string_cb
 .text.dcd_rp2040_irq
                0x0000000020005938      0x21c CMakeFiles/rom-reader.dir/tree/downloaded_tools/pico/pico-sdk/lib/tinyusb/src/portable/raspberrypi/rp2040/dcd_rp2040.c.obj
 .text.dcd_int_enable
                0x0000000020005b54        0xc CMakeFiles/rom-reader.dir/tree/downloaded_tools/pico/pico-sdk/lib/tinyusb/src/portable/raspberrypi/rp2040/dcd_rp2040.c.obj
                0x0000000020005b54                dcd_int_enable
 .text.dcd_set_address
                0x0000000020005b60       0x14 CMakeFiles/rom-reader.dir/tree/downloaded_tools/pico/pico-sdk/lib/tinyusb/src/portable/raspberrypi/rp2040/dcd_rp2040.c.obj
                0x0000000020005b60                dcd_set_address
 .text.dcd_connect
                0x0000000020005b74       0x10 CMakeFiles/rom-reader.dir/tree/downloaded_tools/pico/pico-sdk/lib/tinyusb/src/portable/raspberrypi/rp2040/dcd_rp2040.c.obj
                0x0000000020005b74                dcd_connect
 .text.dcd_init
                0x0000000020005b84      0x148 CMakeFiles/rom-reader.dir/tree/downloaded_tools/pico/pico-sdk/lib/tinyusb/src/portable/raspberrypi/rp2040/dcd_rp2040.c.obj
                0x0000000020005b84                dcd_init
 .text.dcd_edpt0_status_complete
                0x0000000020005ccc       0x1c CMakeFiles/rom-reader.dir/tree/downloaded_tools/pico/pico-sdk/lib/tinyusb/src/portable/raspberrypi/rp2040/dcd_rp2040.c.obj
                0x0000000020005ccc                dcd_edpt0_status_complete
 .text.dcd_edpt_open
                0x0000000020005ce8       0xf0 CMakeFiles/rom-reader.dir/tree/downloaded_tools/pico/pico-sdk/lib/tinyusb/src/portable/raspberrypi/rp2040/dcd_rp2040.c.obj
                0x0000000020005ce8                dcd_edpt_open
 .text.dcd_edpt_close_all
                0x0000000020005dd8       0xbc CMakeFiles/rom-reader.dir/tree/downloaded_tools/pico/pico-sdk/lib/tinyusb/src/portable/raspberrypi/rp2040/dcd_rp2040.c.obj
                0x0000000020005dd8                dcd_edpt_close_all
 .text.dcd_edpt_xfer
                0x0000000020005e94       0x24 CMakeFiles/rom-reader.dir/tree/downloaded_tools/pico/pico-sdk/lib/tinyusb/src/portable/raspberrypi/rp2040/dcd_rp2040.c.obj
                0x0000000020005e94                dcd_edpt_xfer
 .text.dcd_edpt_stall
                0x0000000020005eb8       0x38 CMakeFiles/rom-reader.dir/tree/downloaded_tools/pico/pico-sdk/lib/tinyusb/src/portable/raspberrypi/rp2040/dcd_rp2040.c.obj
                0x0000000020005eb8                dcd_edpt_stall
 .text.dcd_edpt_clear_stall
                0x0000000020005ef0       0x30 CMakeFiles/rom-reader.dir/tree/downloaded_tools/pico/pico-sdk/lib/tinyusb/src/portable/raspberrypi/rp2040/dcd_rp2040.c.obj
                0x0000000020005ef0                dcd_edpt_clear_stall
 .text._hw_endpoint_buffer_control_update32.part.0
                0x0000000020005f20       0x20 CMakeFiles/rom-reader.dir/tree/downloaded_tools/pico/pico-sdk/lib/tinyusb/src/portable/raspberrypi/rp2040/rp2040_usb.c.obj
 .text.rp2040_usb_init
                0x0000000020005f40       0x4c CMakeFiles/rom-reader.dir/tree/downloaded_tools/pico/pico-sdk/lib/tinyusb/src/portable/raspberrypi/rp2040/rp2040_usb.c.obj
                0x0000000020005f40                rp2040_usb_init
 .text.hw_endpoint_reset_transfer
                0x0000000020005f8c        0xc CMakeFiles/rom-reader.dir/tree/downloaded_tools/pico/pico-sdk/lib/tinyusb/src/portable/raspberrypi/rp2040/rp2040_usb.c.obj
                0x0000000020005f8c                hw_endpoint_reset_transfer
 .text._hw_endpoint_buffer_control_update32
                0x0000000020005f98       0x40 CMakeFiles/rom-reader.dir/tree/downloaded_tools/pico/pico-sdk/lib/tinyusb/src/portable/raspberrypi/rp2040/rp2040_usb.c.obj
                0x0000000020005f98                _hw_endpoint_buffer_control_update32
 .text.hw_endpoint_xfer_start
                0x0000000020005fd8      0x138 CMakeFiles/rom-reader.dir/tree/downloaded_tools/pico/pico-sdk/lib/tinyusb/src/portable/raspberrypi/rp2040/rp2040_usb.c.obj
                0x0000000020005fd8                hw_endpoint_xfer_start
 .text.hw_endpoint_xfer_continue
                0x0000000020006110      0x1e4 CMakeFiles/rom-reader.dir/tree/downloaded_tools/pico/pico-sdk/lib/tinyusb/src/portable/raspberrypi/rp2040/rp2040_usb.c.obj
                0x0000000020006110                hw_endpoint_xfer_continue
 .text.tud_mounted
                0x00000000200062f4       0x10 CMakeFiles/rom-reader.dir/tree/downloaded_tools/pico/pico-sdk/lib/tinyusb/src/device/usbd.c.obj
                0x00000000200062f4                tud_mounted
 .text.tud_suspended
                0x0000000020006304       0x10 CMakeFiles/rom-reader.dir/tree/downloaded_tools/pico/pico-sdk/lib/tinyusb/src/device/usbd.c.obj
                0x0000000020006304                tud_suspended
 .text.tud_inited
                0x0000000020006314        0xc CMakeFiles/rom-reader.dir/tree/downloaded_tools/pico/pico-sdk/lib/tinyusb/src/device/usbd.c.obj
                0x0000000020006314                tud_inited
 .text.tud_init
                0x0000000020006320       0xd8 CMakeFiles/rom-reader.dir/tree/downloaded_tools/pico/pico-sdk/lib/tinyusb/src/device/usbd.c.obj
                0x0000000020006320                tud_init
 .text.tud_task
                0x00000000200063f8      0x8ec CMakeFiles/rom-reader.dir/tree/downloaded_tools/pico/pico-sdk/lib/tinyusb/src/device/usbd.c.obj
                0x00000000200063f8                tud_task
 .text.dcd_event_bus_signal
                0x0000000020006ce4      0x120 CMakeFiles/rom-reader.dir/tree/downloaded_tools/pico/pico-sdk/lib/tinyusb/src/device/usbd.c.obj
                0x0000000020006ce4                dcd_event_bus_signal
 .text.dcd_event_bus_reset
                0x0000000020006e04       0x54 CMakeFiles/rom-reader.dir/tree/downloaded_tools/pico/pico-sdk/lib/tinyusb/src/device/usbd.c.obj
                0x0000000020006e04                dcd_event_bus_reset
 .text.dcd_event_setup_received
                0x0000000020006e58       0x50 CMakeFiles/rom-reader.dir/tree/downloaded_tools/pico/pico-sdk/lib/tinyusb/src/device/usbd.c.obj
                0x0000000020006e58                dcd_event_setup_received
 .text.dcd_event_xfer_complete
                0x0000000020006ea8       0x68 CMakeFiles/rom-reader.dir/tree/downloaded_tools/pico/pico-sdk/lib/tinyusb/src/device/usbd.c.obj
                0x0000000020006ea8                dcd_event_xfer_complete
 .text.usbd_open_edpt_pair
                0x0000000020006f10       0x80 CMakeFiles/rom-reader.dir/tree/downloaded_tools/pico/pico-sdk/lib/tinyusb/src/device/usbd.c.obj
                0x0000000020006f10                usbd_open_edpt_pair
 .text.usbd_edpt_open
                0x0000000020006f90       0x30 CMakeFiles/rom-reader.dir/tree/downloaded_tools/pico/pico-sdk/lib/tinyusb/src/device/usbd.c.obj
                0x0000000020006f90                usbd_edpt_open
 .text.usbd_edpt_claim
                0x0000000020006fc0       0x64 CMakeFiles/rom-reader.dir/tree/downloaded_tools/pico/pico-sdk/lib/tinyusb/src/device/usbd.c.obj
                0x0000000020006fc0                usbd_edpt_claim
 .text.usbd_edpt_release
                0x0000000020007024       0x4c CMakeFiles/rom-reader.dir/tree/downloaded_tools/pico/pico-sdk/lib/tinyusb/src/device/usbd.c.obj
                0x0000000020007024                usbd_edpt_release
 .text.usbd_edpt_xfer
                0x0000000020007070       0x48 CMakeFiles/rom-reader.dir/tree/downloaded_tools/pico/pico-sdk/lib/tinyusb/src/device/usbd.c.obj
                0x0000000020007070                usbd_edpt_xfer
 .text.tud_control_status
                0x00000000200070b8       0x30 CMakeFiles/rom-reader.dir/tree/downloaded_tools/pico/pico-sdk/lib/tinyusb/src/device/usbd_control.c.obj
                0x00000000200070b8                tud_control_status
 .text.tud_control_xfer
                0x00000000200070e8       0xb8 CMakeFiles/rom-reader.dir/tree/downloaded_tools/pico/pico-sdk/lib/tinyusb/src/device/usbd_control.c.obj
                0x00000000200070e8                tud_control_xfer
 .text.usbd_control_reset
                0x00000000200071a0       0x14 CMakeFiles/rom-reader.dir/tree/downloaded_tools/pico/pico-sdk/lib/tinyusb/src/device/usbd_control.c.obj
                0x00000000200071a0                usbd_control_reset
 .text.usbd_control_set_complete_callback
                0x00000000200071b4        0xc CMakeFiles/rom-reader.dir/tree/downloaded_tools/pico/pico-sdk/lib/tinyusb/src/device/usbd_control.c.obj
                0x00000000200071b4                usbd_control_set_complete_callback
 .text.usbd_control_set_request
                0x00000000200071c0       0x1c CMakeFiles/rom-reader.dir/tree/downloaded_tools/pico/pico-sdk/lib/tinyusb/src/device/usbd_control.c.obj
                0x00000000200071c0                usbd_control_set_request
 .text.usbd_control_xfer_cb
                0x00000000200071dc       0xf8 CMakeFiles/rom-reader.dir/tree/downloaded_tools/pico/pico-sdk/lib/tinyusb/src/device/usbd_control.c.obj
                0x00000000200071dc                usbd_control_xfer_cb
 .text.tud_cdc_n_connected
                0x00000000200072d4       0x30 CMakeFiles/rom-reader.dir/tree/downloaded_tools/pico/pico-sdk/lib/tinyusb/src/class/cdc/cdc_device.c.obj
                0x00000000200072d4                tud_cdc_n_connected
 .text.tud_cdc_n_available
                0x0000000020007304       0x18 CMakeFiles/rom-reader.dir/tree/downloaded_tools/pico/pico-sdk/lib/tinyusb/src/class/cdc/cdc_device.c.obj
                0x0000000020007304                tud_cdc_n_available
 .text.tud_cdc_n_read
                0x000000002000731c       0x70 CMakeFiles/rom-reader.dir/tree/downloaded_tools/pico/pico-sdk/lib/tinyusb/src/class/cdc/cdc_device.c.obj
                0x000000002000731c                tud_cdc_n_read
 .text.tud_cdc_n_write_flush
                0x000000002000738c       0x78 CMakeFiles/rom-reader.dir/tree/downloaded_tools/pico/pico-sdk/lib/tinyusb/src/class/cdc/cdc_device.c.obj
                0x000000002000738c                tud_cdc_n_write_flush
 .text.tud_cdc_n_write
                0x0000000020007404       0x34 CMakeFiles/rom-reader.dir/tree/downloaded_tools/pico/pico-sdk/lib/tinyusb/src/class/cdc/cdc_device.c.obj
                0x0000000020007404                tud_cdc_n_write
 .text.tud_cdc_n_write_available
                0x0000000020007438       0x18 CMakeFiles/rom-reader.dir/tree/downloaded_tools/pico/pico-sdk/lib/tinyusb/src/class/cdc/cdc_device.c.obj
                0x0000000020007438                tud_cdc_n_write_available
 .text.cdcd_init
                0x0000000020007450       0x7c CMakeFiles/rom-reader.dir/tree/downloaded_tools/pico/pico-sdk/lib/tinyusb/src/class/cdc/cdc_device.c.obj
                0x0000000020007450                cdcd_init
 .text.cdcd_reset
                0x00000000200074cc       0x2c CMakeFiles/rom-reader.dir/tree/downloaded_tools/pico/pico-sdk/lib/tinyusb/src/class/cdc/cdc_device.c.obj
                0x00000000200074cc                cdcd_reset
 .text.cdcd_open
                0x00000000200074f8       0xe4 CMakeFiles/rom-reader.dir/tree/downloaded_tools/pico/pico-sdk/lib/tinyusb/src/class/cdc/cdc_device.c.obj
                0x00000000200074f8                cdcd_open
 .text.cdcd_control_xfer_cb
                0x00000000200075dc       0xe4 CMakeFiles/rom-reader.dir/tree/downloaded_tools/pico/pico-sdk/lib/tinyusb/src/class/cdc/cdc_device.c.obj
                0x00000000200075dc                cdcd_control_xfer_cb
 .text.cdcd_xfer_cb
                0x00000000200076c0      0x198 CMakeFiles/rom-reader.dir/tree/downloaded_tools/pico/pico-sdk/lib/tinyusb/src/class/cdc/cdc_device.c.obj
                0x00000000200076c0                cdcd_xfer_cb
 .text.tusb_init
                0x0000000020007858        0xc CMakeFiles/rom-reader.dir/tree/downloaded_tools/pico/pico-sdk/lib/tinyusb/src/tusb.c.obj
                0x0000000020007858                tusb_init
 .text.tusb_inited
                0x0000000020007864        0x8 CMakeFiles/rom-reader.dir/tree/downloaded_tools/pico/pico-sdk/lib/tinyusb/src/tusb.c.obj
                0x0000000020007864                tusb_inited
 .text.tu_edpt_validate
                0x000000002000786c       0x78 CMakeFiles/rom-reader.dir/tree/downloaded_tools/pico/pico-sdk/lib/tinyusb/src/tusb.c.obj
                0x000000002000786c                tu_edpt_validate
 .text.tu_edpt_bind_driver
                0x00000000200078e4       0x2c CMakeFiles/rom-reader.dir/tree/downloaded_tools/pico/pico-sdk/lib/tinyusb/src/tusb.c.obj
                0x00000000200078e4                tu_edpt_bind_driver
 .text.tu_fifo_config
                0x0000000020007910       0x78 CMakeFiles/rom-reader.dir/tree/downloaded_tools/pico/pico-sdk/lib/tinyusb/src/common/tusb_fifo.c.obj
                0x0000000020007910                tu_fifo_config
 .text.tu_fifo_count
                0x0000000020007988       0x20 CMakeFiles/rom-reader.dir/tree/downloaded_tools/pico/pico-sdk/lib/tinyusb/src/common/tusb_fifo.c.obj
                0x0000000020007988                tu_fifo_count
 .text.tu_fifo_empty
                0x00000000200079a8       0x10 CMakeFiles/rom-reader.dir/tree/downloaded_tools/pico/pico-sdk/lib/tinyusb/src/common/tusb_fifo.c.obj
                0x00000000200079a8                tu_fifo_empty
 .text.tu_fifo_remaining
                0x00000000200079b8       0x1c CMakeFiles/rom-reader.dir/tree/downloaded_tools/pico/pico-sdk/lib/tinyusb/src/common/tusb_fifo.c.obj
                0x00000000200079b8                tu_fifo_remaining
 .text.tu_fifo_read
                0x00000000200079d4       0x9c CMakeFiles/rom-reader.dir/tree/downloaded_tools/pico/pico-sdk/lib/tinyusb/src/common/tusb_fifo.c.obj
                0x00000000200079d4                tu_fifo_read
 .text.tu_fifo_read_n
                0x0000000020007a70      0x100 CMakeFiles/rom-reader.dir/tree/downloaded_tools/pico/pico-sdk/lib/tinyusb/src/common/tusb_fifo.c.obj
                0x0000000020007a70                tu_fifo_read_n
 .text.tu_fifo_write
                0x0000000020007b70       0x7c CMakeFiles/rom-reader.dir/tree/downloaded_tools/pico/pico-sdk/lib/tinyusb/src/common/tusb_fifo.c.obj
                0x0000000020007b70                tu_fifo_write
 .text.tu_fifo_write_n
                0x0000000020007bec       0xf8 CMakeFiles/rom-reader.dir/tree/downloaded_tools/pico/pico-sdk/lib/tinyusb/src/common/tusb_fifo.c.obj
                0x0000000020007bec                tu_fifo_write_n
 .text.tu_fifo_clear
                0x0000000020007ce4       0x4c CMakeFiles/rom-reader.dir/tree/downloaded_tools/pico/pico-sdk/lib/tinyusb/src/common/tusb_fifo.c.obj
                0x0000000020007ce4                tu_fifo_clear
 .text.tu_fifo_set_overwritable
                0x0000000020007d30       0x3c CMakeFiles/rom-reader.dir/tree/downloaded_tools/pico/pico-sdk/lib/tinyusb/src/common/tusb_fifo.c.obj
                0x0000000020007d30                tu_fifo_set_overwritable
 .text.startup._retrieve_unique_id_on_boot
                0x0000000020007d6c       0x10 CMakeFiles/rom-reader.dir/tree/downloaded_tools/pico/pico-sdk/src/rp2_common/pico_unique_id/unique_id.c.obj
 .text.pico_get_unique_board_id_string
                0x0000000020007d7c      0x1bc CMakeFiles/rom-reader.dir/tree/downloaded_tools/pico/pico-sdk/src/rp2_common/pico_unique_id/unique_id.c.obj
                0x0000000020007d7c                pico_get_unique_board_id_string
 .text.flash_get_unique_id
                0x0000000020007f38       0x40 CMakeFiles/rom-reader.dir/tree/downloaded_tools/pico/pico-sdk/src/rp2_common/hardware_flash/flash.c.obj
                0x0000000020007f38                flash_get_unique_id
 .text          0x0000000020007f78        0x4 /usr/lib/gcc/arm-none-eabi/9.2.1/thumb/v6-m/nofp/libgcc.a(_dvmd_tls.o)
                0x0000000020007f78                __aeabi_ldiv0
                0x0000000020007f78                __aeabi_idiv0
 .text          0x0000000020007f7c       0x5c /usr/lib/gcc/arm-none-eabi/9.2.1/../../../arm-none-eabi/lib/thumb/v6-m/nofp/libc.a(lib_a-callocr.o)
                0x0000000020007f7c                _calloc_r
 .text          0x0000000020007fd8      0x58c /usr/lib/gcc/arm-none-eabi/9.2.1/../../../arm-none-eabi/lib/thumb/v6-m/nofp/libc.a(lib_a-mallocr.o)
                0x0000000020007fd8                _malloc_r
 .text          0x0000000020008564        0x8 /usr/lib/gcc/arm-none-eabi/9.2.1/../../../arm-none-eabi/lib/thumb/v6-m/nofp/libc.a(lib_a-mlock.o)
                0x0000000020008564                __malloc_lock
                0x0000000020008568                __malloc_unlock
 .text          0x000000002000856c       0x48 /usr/lib/gcc/arm-none-eabi/9.2.1/../../../arm-none-eabi/lib/thumb/v6-m/nofp/libc.a(lib_a-rand.o)
                0x000000002000856c                srand
                0x0000000020008580                rand
 .text          0x00000000200085b4      0x35c /usr/lib/gcc/arm-none-eabi/9.2.1/../../../arm-none-eabi/lib/thumb/v6-m/nofp/libc.a(lib_a-reallocr.o)
                0x00000000200085b4                _realloc_r
 .text          0x0000000020008910       0x24 /usr/lib/gcc/arm-none-eabi/9.2.1/../../../arm-none-eabi/lib/thumb/v6-m/nofp/libc.a(lib_a-sbrkr.o)
                0x0000000020008910                _sbrk_r
 .text          0x0000000020008934       0x40 /usr/lib/gcc/arm-none-eabi/9.2.1/../../../arm-none-eabi/lib/thumb/v6-m/nofp/libc.a(lib_a-scanf.o)
                0x0000000020008934                scanf
                0x0000000020008958                _scanf_r
 .text          0x0000000020008974       0x68 /usr/lib/gcc/arm-none-eabi/9.2.1/../../../arm-none-eabi/lib/thumb/v6-m/nofp/libc.a(lib_a-strlen-stub.o)
                0x0000000020008974                strlen
 .text          0x00000000200089dc      0xfec /usr/lib/gcc/arm-none-eabi/9.2.1/../../../arm-none-eabi/lib/thumb/v6-m/nofp/libc.a(lib_a-vfscanf.o)
                0x00000000200089dc                __svfscanf_r
                0x0000000020009958                vfscanf
                0x0000000020009988                __svfscanf
                0x00000000200099a0                _vfscanf_r
 .text          0x00000000200099c8      0x220 /usr/lib/gcc/arm-none-eabi/9.2.1/../../../arm-none-eabi/lib/thumb/v6-m/nofp/libc.a(lib_a-findfp.o)
                0x00000000200099cc                _cleanup_r
                0x0000000020009ac8                __sfmoreglue
                0x0000000020009af8                __sfp
                0x0000000020009b80                _cleanup
                0x0000000020009b98                __sinit
                0x0000000020009ba8                __sfp_lock_acquire
                0x0000000020009bac                __sfp_lock_release
                0x0000000020009bb0                __sinit_lock_acquire
                0x0000000020009bb4                __sinit_lock_release
                0x0000000020009bb8                __fp_lock_all
                0x0000000020009bd0                __fp_unlock_all
 .text          0x0000000020009be8      0x19c /usr/lib/gcc/arm-none-eabi/9.2.1/../../../arm-none-eabi/lib/thumb/v6-m/nofp/libc.a(lib_a-fread.o)
                0x0000000020009be8                _fread_r
                0x0000000020009d64                fread
 .text          0x0000000020009d84      0x27c /usr/lib/gcc/arm-none-eabi/9.2.1/../../../arm-none-eabi/lib/thumb/v6-m/nofp/libc.a(lib_a-freer.o)
                0x0000000020009d84                _malloc_trim_r
                0x0000000020009e24                _free_r
 .text          0x000000002000a000       0x90 /usr/lib/gcc/arm-none-eabi/9.2.1/../../../arm-none-eabi/lib/thumb/v6-m/nofp/libc.a(lib_a-fwalk.o)
                0x000000002000a000                _fwalk
                0x000000002000a044                _fwalk_reent
 .text          0x000000002000a090        0xc /usr/lib/gcc/arm-none-eabi/9.2.1/../../../arm-none-eabi/lib/thumb/v6-m/nofp/libc.a(lib_a-iswspace.o)
                0x000000002000a090                iswspace
 .text          0x000000002000a09c       0x18 /usr/lib/gcc/arm-none-eabi/9.2.1/../../../arm-none-eabi/lib/thumb/v6-m/nofp/libc.a(lib_a-iswspace_l.o)
                0x000000002000a09c                iswspace_l
 .text          0x000000002000a0b4       0x6c /usr/lib/gcc/arm-none-eabi/9.2.1/../../../arm-none-eabi/lib/thumb/v6-m/nofp/libc.a(lib_a-locale.o)
                0x000000002000a0b4                _setlocale_r
                0x000000002000a0f8                __locale_mb_cur_max
                0x000000002000a108                setlocale
 .text          0x000000002000a120       0x14 /usr/lib/gcc/arm-none-eabi/9.2.1/../../../arm-none-eabi/lib/thumb/v6-m/nofp/libc.a(lib_a-localeconv.o)
                0x000000002000a120                __localeconv_l
                0x000000002000a124                _localeconv_r
                0x000000002000a12c                localeconv
 .text          0x000000002000a134       0x94 /usr/lib/gcc/arm-none-eabi/9.2.1/../../../arm-none-eabi/lib/thumb/v6-m/nofp/libc.a(lib_a-mbrtowc.o)
                0x000000002000a134                _mbrtowc_r
                0x000000002000a17c                mbrtowc
 .text          0x000000002000a1c8       0x44 /usr/lib/gcc/arm-none-eabi/9.2.1/../../../arm-none-eabi/lib/thumb/v6-m/nofp/libc.a(lib_a-mbtowc_r.o)
                0x000000002000a1c8                _mbtowc_r
                0x000000002000a1e0                __ascii_mbtowc
 .text          0x000000002000a20c       0xbc /usr/lib/gcc/arm-none-eabi/9.2.1/../../../arm-none-eabi/lib/thumb/v6-m/nofp/libc.a(lib_a-memmove.o)
                0x000000002000a20c                memmove
 .text          0x000000002000a2c8      0x140 /usr/lib/gcc/arm-none-eabi/9.2.1/../../../arm-none-eabi/lib/thumb/v6-m/nofp/libc.a(lib_a-refill.o)
                0x000000002000a2e4                __srefill_r
 .text          0x000000002000a408       0x6c /usr/lib/gcc/arm-none-eabi/9.2.1/../../../arm-none-eabi/lib/thumb/v6-m/nofp/libc.a(lib_a-sccl.o)
                0x000000002000a408                __sccl
 .text          0x000000002000a474        0x8 /usr/lib/gcc/arm-none-eabi/9.2.1/../../../arm-none-eabi/lib/thumb/v6-m/nofp/libc.a(lib_a-sf_nan.o)
                0x000000002000a474                nanf
 .text          0x000000002000a47c       0xa4 /usr/lib/gcc/arm-none-eabi/9.2.1/../../../arm-none-eabi/lib/thumb/v6-m/nofp/libc.a(lib_a-stdio.o)
                0x000000002000a47c                __sread
                0x000000002000a4a4                __seofread
                0x000000002000a4a8                __swrite
                0x000000002000a4e8                __sseek
                0x000000002000a514                __sclose
 .text          0x000000002000a520       0x88 /usr/lib/gcc/arm-none-eabi/9.2.1/../../../arm-none-eabi/lib/thumb/v6-m/nofp/libc.a(lib_a-strcmp.o)
                0x000000002000a520                strcmp
 .text          0x000000002000a5a8     0x10b8 /usr/lib/gcc/arm-none-eabi/9.2.1/../../../arm-none-eabi/lib/thumb/v6-m/nofp/libc.a(lib_a-strtod.o)
                0x000000002000a5d8                _strtod_l
                0x000000002000b4b8                _strtod_r
                0x000000002000b4c8                strtod_l
                0x000000002000b4e0                strtod
                0x000000002000b4fc                strtof_l
                0x000000002000b5ac                strtof
 .text          0x000000002000b660      0x184 /usr/lib/gcc/arm-none-eabi/9.2.1/../../../arm-none-eabi/lib/thumb/v6-m/nofp/libc.a(lib_a-strtol.o)
                0x000000002000b7ac                _strtol_r
                0x000000002000b7b4                strtol_l
                0x000000002000b7cc                strtol
 .text          0x000000002000b7e4      0x1d8 /usr/lib/gcc/arm-none-eabi/9.2.1/../../../arm-none-eabi/lib/thumb/v6-m/nofp/libc.a(lib_a-strtoll.o)
                0x000000002000b984                _strtoll_r
                0x000000002000b98c                strtoll_l
                0x000000002000b9a4                strtoll
 .text          0x000000002000b9bc      0x180 /usr/lib/gcc/arm-none-eabi/9.2.1/../../../arm-none-eabi/lib/thumb/v6-m/nofp/libc.a(lib_a-strtoul.o)
                0x000000002000bb04                _strtoul_r
                0x000000002000bb0c                strtoul_l
                0x000000002000bb24                strtoul
 .text          0x000000002000bb3c      0x1f4 /usr/lib/gcc/arm-none-eabi/9.2.1/../../../arm-none-eabi/lib/thumb/v6-m/nofp/libc.a(lib_a-strtoull.o)
                0x000000002000bcf8                _strtoull_r
                0x000000002000bd00                strtoull_l
                0x000000002000bd18                strtoull
 .text          0x000000002000bd30      0x184 /usr/lib/gcc/arm-none-eabi/9.2.1/../../../arm-none-eabi/lib/thumb/v6-m/nofp/libc.a(lib_a-ungetc.o)
                0x000000002000bd30                __submore
                0x000000002000bdb4                _ungetc_r
                0x000000002000be9c                ungetc
 .text          0x000000002000beb4       0x2c /usr/lib/gcc/arm-none-eabi/9.2.1/../../../arm-none-eabi/lib/thumb/v6-m/nofp/libc.a(lib_a-wctomb_r.o)
                0x000000002000beb4                _wctomb_r
                0x000000002000bec4                __ascii_wctomb
 .text          0x000000002000bee0       0x28 /usr/lib/gcc/arm-none-eabi/9.2.1/../../../arm-none-eabi/lib/thumb/v6-m/nofp/libc.a(lib_a-writer.o)
                0x000000002000bee0                _write_r
 .text          0x000000002000bf08       0x24 /usr/lib/gcc/arm-none-eabi/9.2.1/../../../arm-none-eabi/lib/thumb/v6-m/nofp/libc.a(lib_a-closer.o)
                0x000000002000bf08                _close_r
 .text          0x000000002000bf2c        0xc /usr/lib/gcc/arm-none-eabi/9.2.1/../../../arm-none-eabi/lib/thumb/v6-m/nofp/libc.a(lib_a-errno.o)
                0x000000002000bf2c                __errno
 .text          0x000000002000bf38       0xac /usr/lib/gcc/arm-none-eabi/9.2.1/../../../arm-none-eabi/lib/thumb/v6-m/nofp/libc.a(lib_a-fclose.o)
                0x000000002000bf38                _fclose_r
                0x000000002000bfd0                fclose
 .text          0x000000002000bfe4      0x1b4 /usr/lib/gcc/arm-none-eabi/9.2.1/../../../arm-none-eabi/lib/thumb/v6-m/nofp/libc.a(lib_a-fflush.o)
                0x000000002000bfe4                __sflush_r
                0x000000002000c144                _fflush_r
                0x000000002000c170                fflush
 .text          0x000000002000c198      0x634 /usr/lib/gcc/arm-none-eabi/9.2.1/../../../arm-none-eabi/lib/thumb/v6-m/nofp/libc.a(lib_a-gdtoa-gethex.o)
                0x000000002000c23c                __gethex
 .text          0x000000002000c7cc      0x1d8 /usr/lib/gcc/arm-none-eabi/9.2.1/../../../arm-none-eabi/lib/thumb/v6-m/nofp/libc.a(lib_a-gdtoa-hexnan.o)
                0x000000002000c7cc                __match
                0x000000002000c7f8                __hexnan
 .text          0x000000002000c9a4       0x28 /usr/lib/gcc/arm-none-eabi/9.2.1/../../../arm-none-eabi/lib/thumb/v6-m/nofp/libc.a(lib_a-lseekr.o)
                0x000000002000c9a4                _lseek_r
 .text          0x000000002000c9cc       0xf0 /usr/lib/gcc/arm-none-eabi/9.2.1/../../../arm-none-eabi/lib/thumb/v6-m/nofp/libc.a(lib_a-makebuf.o)
                0x000000002000c9cc                __swhatbuf_r
                0x000000002000ca2c                __smakebuf_r
 .text          0x000000002000cabc      0xa38 /usr/lib/gcc/arm-none-eabi/9.2.1/../../../arm-none-eabi/lib/thumb/v6-m/nofp/libc.a(lib_a-mprec.o)
                0x000000002000cabc                _Balloc
                0x000000002000cb0c                _Bfree
                0x000000002000cb20                __multadd
                0x000000002000cbd0                __s2b
                0x000000002000cc7c                __hi0bits
                0x000000002000ccb4                __lo0bits
                0x000000002000cd10                __i2b
                0x000000002000cd3c                __multiply
                0x000000002000cec8                __pow5mult
                0x000000002000cf7c                __lshift
                0x000000002000d060                __mcmp
                0x000000002000d094                __mdiff
                0x000000002000d1dc                __ulp
                0x000000002000d224                __b2d
                0x000000002000d2dc                __d2b
                0x000000002000d3b4                __ratio
                0x000000002000d428                _mprec_log10
                0x000000002000d45c                __copybits
                0x000000002000d49c                __any_on
 .text          0x000000002000d4f4       0x28 /usr/lib/gcc/arm-none-eabi/9.2.1/../../../arm-none-eabi/lib/thumb/v6-m/nofp/libc.a(lib_a-readr.o)
                0x000000002000d4f4                _read_r
 .text          0x000000002000d51c        0xc /usr/lib/gcc/arm-none-eabi/9.2.1/../../../arm-none-eabi/lib/thumb/v6-m/nofp/libc.a(lib_a-s_nan.o)
                0x000000002000d51c                nan
 .text          0x000000002000d528       0x94 /usr/lib/gcc/arm-none-eabi/9.2.1/../../../arm-none-eabi/lib/thumb/v6-m/nofp/libc.a(lib_a-strncmp.o)
                0x000000002000d528                strncmp
 .text          0x000000002000d5bc       0x28 /usr/lib/gcc/arm-none-eabi/9.2.1/../../../arm-none-eabi/lib/thumb/v6-m/nofp/libc.a(lib_a-fstatr.o)
                0x000000002000d5bc                _fstat_r
 .text          0x000000002000d5e4       0x24 /usr/lib/gcc/arm-none-eabi/9.2.1/../../../arm-none-eabi/lib/thumb/v6-m/nofp/libc.a(lib_a-isattyr.o)
                0x000000002000d5e4                _isatty_r
 .text          0x000000002000d608       0x10 /usr/lib/gcc/arm-none-eabi/9.2.1/../../../arm-none-eabi/lib/thumb/v6-m/nofp/libnosys.a(close.o)
                0x000000002000d608                _close
 .text          0x000000002000d618       0x10 /usr/lib/gcc/arm-none-eabi/9.2.1/../../../arm-none-eabi/lib/thumb/v6-m/nofp/libnosys.a(fstat.o)
                0x000000002000d618                _fstat
 .text          0x000000002000d628       0x10 /usr/lib/gcc/arm-none-eabi/9.2.1/../../../arm-none-eabi/lib/thumb/v6-m/nofp/libnosys.a(isatty.o)
                0x000000002000d628                _isatty
 .text          0x000000002000d638       0x10 /usr/lib/gcc/arm-none-eabi/9.2.1/../../../arm-none-eabi/lib/thumb/v6-m/nofp/libnosys.a(lseek.o)
                0x000000002000d638                _lseek
 *(.fini)
 .fini          0x000000002000d648        0x4 /usr/lib/gcc/arm-none-eabi/9.2.1/thumb/v6-m/nofp/crti.o
                0x000000002000d648                _fini
 *fill*         0x000000002000d64c        0x4 
 .fini.__stub   0x000000002000d650       0x10 linker stubs
 *crtbegin.o(.ctors)
 *crtbegin?.o(.ctors)
 *(EXCLUDE_FILE(*crtend.o *crtend?.o) .ctors)
 *(SORT_BY_NAME(.ctors.*))
 *(.ctors)
 *crtbegin.o(.dtors)
 *crtbegin?.o(.dtors)
 *(EXCLUDE_FILE(*crtend.o *crtend?.o) .dtors)
 *(SORT_BY_NAME(.dtors.*))
 *(.dtors)
 *(.eh_frame*)
 .eh_frame      0x000000002000d660        0x0 /usr/lib/gcc/arm-none-eabi/9.2.1/thumb/v6-m/nofp/crtbegin.o
                0x000000002000d660                . = ALIGN (0x4)
                0x000000002000d660                __ram_text_end__ = .
                0x000000001000030c                __ram_text_source__ = LOADADDR (.text)

.glue_7         0x000000002000d660        0x0 load address 0x000000001000d8ac
 .glue_7        0x000000002000d660        0x0 linker stubs

.glue_7t        0x000000002000d660        0x0 load address 0x000000001000d8ac
 .glue_7t       0x000000002000d660        0x0 linker stubs

.vfp11_veneer   0x000000002000d660        0x0 load address 0x000000001000d8ac
 .vfp11_veneer  0x000000002000d660        0x0 linker stubs

.v4_bx          0x000000002000d660        0x0 load address 0x000000001000d8ac
 .v4_bx         0x000000002000d660        0x0 linker stubs

.iplt           0x000000002000d660        0x0 load address 0x000000001000d8ac
 .iplt          0x000000002000d660        0x0 /usr/lib/gcc/arm-none-eabi/9.2.1/thumb/v6-m/nofp/crtbegin.o

.rel.dyn        0x000000002000d660        0x0 load address 0x000000001000d8ac
 .rel.iplt      0x000000002000d660        0x0 /usr/lib/gcc/arm-none-eabi/9.2.1/thumb/v6-m/nofp/crtbegin.o

.data           0x000000002000d660     0x2268 load address 0x000000001000d8ac
                0x000000002000d660                __data_start__ = .
 *(vtable)
 *(.time_critical*)
 .time_critical.mutex_enter_blocking
                0x000000002000d660       0x48 CMakeFiles/rom-reader.dir/tree/downloaded_tools/pico/pico-sdk/src/common/pico_sync/mutex.c.obj
                0x000000002000d660                mutex_enter_blocking
 .time_critical.mutex_try_enter
                0x000000002000d6a8       0x48 CMakeFiles/rom-reader.dir/tree/downloaded_tools/pico/pico-sdk/src/common/pico_sync/mutex.c.obj
                0x000000002000d6a8                mutex_try_enter
 .time_critical.mutex_enter_timeout_ms
                0x000000002000d6f0       0x98 CMakeFiles/rom-reader.dir/tree/downloaded_tools/pico/pico-sdk/src/common/pico_sync/mutex.c.obj
                0x000000002000d6f0                mutex_enter_timeout_ms
 .time_critical.mutex_exit
                0x000000002000d788       0x28 CMakeFiles/rom-reader.dir/tree/downloaded_tools/pico/pico-sdk/src/common/pico_sync/mutex.c.obj
                0x000000002000d788                mutex_exit
 .time_critical.flash_init_boot2_copyout
                0x000000002000d7b0       0x30 CMakeFiles/rom-reader.dir/tree/downloaded_tools/pico/pico-sdk/src/rp2_common/hardware_flash/flash.c.obj
 .time_critical.flash_enable_xip_via_boot2
                0x000000002000d7e0       0x10 CMakeFiles/rom-reader.dir/tree/downloaded_tools/pico/pico-sdk/src/rp2_common/hardware_flash/flash.c.obj
 .time_critical.flash_cs_force
                0x000000002000d7f0       0x38 CMakeFiles/rom-reader.dir/tree/downloaded_tools/pico/pico-sdk/src/rp2_common/hardware_flash/flash.c.obj
 .time_critical.flash_range_erase
                0x000000002000d828       0x80 CMakeFiles/rom-reader.dir/tree/downloaded_tools/pico/pico-sdk/src/rp2_common/hardware_flash/flash.c.obj
                0x000000002000d828                flash_range_erase
 .time_critical.flash_range_program
                0x000000002000d8a8       0x80 CMakeFiles/rom-reader.dir/tree/downloaded_tools/pico/pico-sdk/src/rp2_common/hardware_flash/flash.c.obj
                0x000000002000d8a8                flash_range_program
 .time_critical.flash_do_cmd
                0x000000002000d928       0xc4 CMakeFiles/rom-reader.dir/tree/downloaded_tools/pico/pico-sdk/src/rp2_common/hardware_flash/flash.c.obj
                0x000000002000d928                flash_do_cmd
                0x000000002000d9ec                . = ALIGN (0x4)
 *(.rodata*)
 .rodata.print_hex.str1.4
                0x000000002000d9ec        0x6 CMakeFiles/rom-reader.dir/rom-reader.c.obj
 *fill*         0x000000002000d9f2        0x2 
 .rodata.prompt.str1.4
                0x000000002000d9f4        0x3 CMakeFiles/rom-reader.dir/rom-reader.c.obj
 *fill*         0x000000002000d9f7        0x1 
 .rodata.setup_menu.str1.4
                0x000000002000d9f8      0x139 CMakeFiles/rom-reader.dir/rom-reader.c.obj
 *fill*         0x000000002000db31        0x3 
 .rodata.write_data_to_slot.str1.4
                0x000000002000db34       0x2a CMakeFiles/rom-reader.dir/rom-reader.c.obj
 *fill*         0x000000002000db5e        0x2 
 .rodata.usb_dump.str1.4
                0x000000002000db60       0x15 CMakeFiles/rom-reader.dir/rom-reader.c.obj
 *fill*         0x000000002000db75        0x3 
 .rodata.slot_dump.str1.4
                0x000000002000db78       0x19 CMakeFiles/rom-reader.dir/rom-reader.c.obj
 *fill*         0x000000002000db91        0x3 
 .rodata.display_slot_map.str1.4
                0x000000002000db94       0x3e CMakeFiles/rom-reader.dir/rom-reader.c.obj
 *fill*         0x000000002000dbd2        0x2 
 .rodata.dump_slot.str1.4
                0x000000002000dbd4        0xa CMakeFiles/rom-reader.dir/rom-reader.c.obj
 *fill*         0x000000002000dbde        0x2 
 .rodata.clear_slot_data.str1.4
                0x000000002000dbe0       0x9a CMakeFiles/rom-reader.dir/rom-reader.c.obj
                                         0x9e (size before relaxing)
 *fill*         0x000000002000dc7a        0x2 
 .rodata.check_config_entry.str1.4
                0x000000002000dc7c      0x124 CMakeFiles/rom-reader.dir/rom-reader.c.obj
 .rodata.check_config_entry
                0x000000002000dda0       0xf0 CMakeFiles/rom-reader.dir/rom-reader.c.obj
 .rodata.main.str1.4
                0x000000002000de90       0x57 CMakeFiles/rom-reader.dir/rom-reader.c.obj
 *fill*         0x000000002000dee7        0x1 
 .rodata.str1.4
                0x000000002000dee8       0x16 CMakeFiles/rom-reader.dir/rom-reader.c.obj
 *fill*         0x000000002000defe        0x2 
 .rodata.address_pins
                0x000000002000df00       0x38 CMakeFiles/rom-reader.dir/rom-reader.c.obj
                0x000000002000df00                address_pins
 .rodata.data_pins
                0x000000002000df38       0x20 CMakeFiles/rom-reader.dir/rom-reader.c.obj
                0x000000002000df38                data_pins
 .rodata.spin_lock_claim_unused.str1.4
                0x000000002000df58       0x1b CMakeFiles/rom-reader.dir/tree/downloaded_tools/pico/pico-sdk/src/rp2_common/hardware_sync/sync.c.obj
 *fill*         0x000000002000df73        0x1 
 .rodata.user_irq_claim_unused.str1.4
                0x000000002000df74       0x1b CMakeFiles/rom-reader.dir/tree/downloaded_tools/pico/pico-sdk/src/rp2_common/hardware_irq/irq.c.obj
 *fill*         0x000000002000df8f        0x1 
 .rodata.at_the_end_of_time
                0x000000002000df90        0x8 CMakeFiles/rom-reader.dir/tree/downloaded_tools/pico/pico-sdk/src/common/pico_time/time.c.obj
                0x000000002000df90                at_the_end_of_time
 .rodata.hardware_alarm_claim.str1.4
                0x000000002000df98       0x22 CMakeFiles/rom-reader.dir/tree/downloaded_tools/pico/pico-sdk/src/rp2_common/hardware_timer/timer.c.obj
 *fill*         0x000000002000dfba        0x2 
 .rodata.__assert_func.str1.4
                0x000000002000dfbc       0x3f CMakeFiles/rom-reader.dir/tree/downloaded_tools/pico/pico-sdk/src/rp2_common/pico_runtime/runtime.c.obj
                                         0x43 (size before relaxing)
 *fill*         0x000000002000dffb        0x1 
 .rodata.panic.str1.4
                0x000000002000dffc       0x10 CMakeFiles/rom-reader.dir/tree/downloaded_tools/pico/pico-sdk/src/rp2_common/pico_runtime/runtime.c.obj
                                         0x12 (size before relaxing)
 .rodata.hard_assertion_failure.str1.4
                0x000000002000e00c        0xc CMakeFiles/rom-reader.dir/tree/downloaded_tools/pico/pico-sdk/src/rp2_common/pico_runtime/runtime.c.obj
 .rodata._ftoa.str1.4
                0x000000002000e018       0x15 CMakeFiles/rom-reader.dir/tree/downloaded_tools/pico/pico-sdk/src/rp2_common/pico_printf/printf.c.obj
 *fill*         0x000000002000e02d        0x3 
 .rodata._vsnprintf
                0x000000002000e030      0x1e0 CMakeFiles/rom-reader.dir/tree/downloaded_tools/pico/pico-sdk/src/rp2_common/pico_printf/printf.c.obj
 .rodata.pow10.5444
                0x000000002000e210       0x50 CMakeFiles/rom-reader.dir/tree/downloaded_tools/pico/pico-sdk/src/rp2_common/pico_printf/printf.c.obj
 .rodata.str1.4
                0x000000002000e260       0x44 CMakeFiles/rom-reader.dir/tree/downloaded_tools/pico/pico-sdk/src/rp2_common/pico_standard_link/binary_info.c.obj
 .rodata.__bi_44
                0x000000002000e2a4        0xc CMakeFiles/rom-reader.dir/tree/downloaded_tools/pico/pico-sdk/src/rp2_common/pico_standard_link/binary_info.c.obj
 .rodata.__bi_56
                0x000000002000e2b0        0xc CMakeFiles/rom-reader.dir/tree/downloaded_tools/pico/pico-sdk/src/rp2_common/pico_standard_link/binary_info.c.obj
 .rodata.__bi_75
                0x000000002000e2bc        0xc CMakeFiles/rom-reader.dir/tree/downloaded_tools/pico/pico-sdk/src/rp2_common/pico_standard_link/binary_info.c.obj
 .rodata.__bi_81
                0x000000002000e2c8        0xc CMakeFiles/rom-reader.dir/tree/downloaded_tools/pico/pico-sdk/src/rp2_common/pico_standard_link/binary_info.c.obj
 .rodata.crlf_str.6065
                0x000000002000e2d4        0x2 CMakeFiles/rom-reader.dir/tree/downloaded_tools/pico/pico-sdk/src/rp2_common/pico_stdio/stdio.c.obj
 *fill*         0x000000002000e2d6        0x2 
 .rodata.str1.4
                0x000000002000e2d8       0x2c CMakeFiles/rom-reader.dir/tree/downloaded_tools/pico/pico-sdk/src/rp2_common/pico_stdio_uart/stdio_uart.c.obj
 .rodata.__bi_28.4859
                0x000000002000e304        0xc CMakeFiles/rom-reader.dir/tree/downloaded_tools/pico/pico-sdk/src/rp2_common/pico_stdio_uart/stdio_uart.c.obj
 .rodata.__bi_29.4863
                0x000000002000e310        0x8 CMakeFiles/rom-reader.dir/tree/downloaded_tools/pico/pico-sdk/src/rp2_common/pico_stdio_uart/stdio_uart.c.obj
 .rodata._resetd_driver
                0x000000002000e318       0x18 CMakeFiles/rom-reader.dir/tree/downloaded_tools/pico/pico-sdk/src/rp2_common/pico_stdio_usb/reset_interface.c.obj
 .rodata.str1.4
                0x000000002000e330       0x13 CMakeFiles/rom-reader.dir/tree/downloaded_tools/pico/pico-sdk/src/rp2_common/pico_stdio_usb/stdio_usb.c.obj
 *fill*         0x000000002000e343        0x1 
 .rodata.__bi_118.7207
                0x000000002000e344        0xc CMakeFiles/rom-reader.dir/tree/downloaded_tools/pico/pico-sdk/src/rp2_common/pico_stdio_usb/stdio_usb.c.obj
 .rodata.str1.4
                0x000000002000e350       0x2a CMakeFiles/rom-reader.dir/tree/downloaded_tools/pico/pico-sdk/src/rp2_common/pico_stdio_usb/stdio_usb_descriptors.c.obj
 *fill*         0x000000002000e37a        0x2 
 .rodata.usbd_desc_cfg
                0x000000002000e37c       0x54 CMakeFiles/rom-reader.dir/tree/downloaded_tools/pico/pico-sdk/src/rp2_common/pico_stdio_usb/stdio_usb_descriptors.c.obj
 .rodata.usbd_desc_device
                0x000000002000e3d0       0x12 CMakeFiles/rom-reader.dir/tree/downloaded_tools/pico/pico-sdk/src/rp2_common/pico_stdio_usb/stdio_usb_descriptors.c.obj
 *fill*         0x000000002000e3e2        0x2 
 .rodata.usbd_desc_str
                0x000000002000e3e4       0x18 CMakeFiles/rom-reader.dir/tree/downloaded_tools/pico/pico-sdk/src/rp2_common/pico_stdio_usb/stdio_usb_descriptors.c.obj
 .rodata.dcd_rp2040_irq.str1.4
                0x000000002000e3fc       0x14 CMakeFiles/rom-reader.dir/tree/downloaded_tools/pico/pico-sdk/lib/tinyusb/src/portable/raspberrypi/rp2040/dcd_rp2040.c.obj
 .rodata._hw_endpoint_buffer_control_update32.part.0.str1.4
                0x000000002000e410       0x1f CMakeFiles/rom-reader.dir/tree/downloaded_tools/pico/pico-sdk/lib/tinyusb/src/portable/raspberrypi/rp2040/rp2040_usb.c.obj
 *fill*         0x000000002000e42f        0x1 
 .rodata.hw_endpoint_xfer_continue.str1.4
                0x000000002000e430       0x29 CMakeFiles/rom-reader.dir/tree/downloaded_tools/pico/pico-sdk/lib/tinyusb/src/portable/raspberrypi/rp2040/rp2040_usb.c.obj
 .rodata.str1.4
                0x000000002000e459       0x29 CMakeFiles/rom-reader.dir/tree/downloaded_tools/pico/pico-sdk/lib/tinyusb/src/portable/raspberrypi/rp2040/rp2040_usb.c.obj
                                          0x7 (size before relaxing)
 *fill*         0x000000002000e459        0x3 
 .rodata.tud_task
                0x000000002000e45c       0x8c CMakeFiles/rom-reader.dir/tree/downloaded_tools/pico/pico-sdk/lib/tinyusb/src/device/usbd.c.obj
 .rodata._usbd_driver
                0x000000002000e4e8       0x18 CMakeFiles/rom-reader.dir/tree/downloaded_tools/pico/pico-sdk/lib/tinyusb/src/device/usbd.c.obj
 .rodata        0x000000002000e500      0x101 /usr/lib/gcc/arm-none-eabi/9.2.1/../../../arm-none-eabi/lib/thumb/v6-m/nofp/libc.a(lib_a-ctype_.o)
                0x000000002000e500                _ctype_
 *fill*         0x000000002000e601        0x3 
 .rodata        0x000000002000e604        0x4 /usr/lib/gcc/arm-none-eabi/9.2.1/../../../arm-none-eabi/lib/thumb/v6-m/nofp/libc.a(lib_a-impure.o)
                0x000000002000e604                _global_impure_ptr
 .rodata        0x000000002000e608      0x3e6 /usr/lib/gcc/arm-none-eabi/9.2.1/../../../arm-none-eabi/lib/thumb/v6-m/nofp/libc.a(lib_a-vfscanf.o)
 *fill*         0x000000002000e9ee        0x2 
 .rodata.str1.4
                0x000000002000e9f0        0x5 /usr/lib/gcc/arm-none-eabi/9.2.1/../../../arm-none-eabi/lib/thumb/v6-m/nofp/libc.a(lib_a-vfscanf.o)
                                          0x9 (size before relaxing)
 *fill*         0x000000002000e9f5        0x3 
 .rodata.str1.4
                0x000000002000e9f8        0x6 /usr/lib/gcc/arm-none-eabi/9.2.1/../../../arm-none-eabi/lib/thumb/v6-m/nofp/libc.a(lib_a-locale.o)
                                         0x12 (size before relaxing)
 .rodata.str1.4
                0x000000002000e9fe        0x1 /usr/lib/gcc/arm-none-eabi/9.2.1/../../../arm-none-eabi/lib/thumb/v6-m/nofp/libc.a(lib_a-mbrtowc.o)
 *fill*         0x000000002000e9fe        0x2 
 .rodata        0x000000002000ea00      0x120 /usr/lib/gcc/arm-none-eabi/9.2.1/../../../arm-none-eabi/lib/thumb/v6-m/nofp/libc.a(lib_a-strtod.o)
 .rodata.str1.4
                0x000000002000eb20        0xf /usr/lib/gcc/arm-none-eabi/9.2.1/../../../arm-none-eabi/lib/thumb/v6-m/nofp/libc.a(lib_a-strtod.o)
                                         0x11 (size before relaxing)
 *fill*         0x000000002000eb2f        0x1 
 .rodata        0x000000002000eb30      0x100 /usr/lib/gcc/arm-none-eabi/9.2.1/../../../arm-none-eabi/lib/thumb/v6-m/nofp/libc.a(lib_a-gdtoa-gethex.o)
                0x000000002000eb30                __hexdig
 .rodata.str1.4
                0x000000002000ec30       0x4e /usr/lib/gcc/arm-none-eabi/9.2.1/../../../arm-none-eabi/lib/thumb/v6-m/nofp/libc.a(lib_a-gdtoa-gethex.o)
 *fill*         0x000000002000ec7e        0x2 
 .rodata        0x000000002000ec80        0xc /usr/lib/gcc/arm-none-eabi/9.2.1/../../../arm-none-eabi/lib/thumb/v6-m/nofp/libc.a(lib_a-lnumeric.o)
                0x000000002000ec80                _C_numeric_locale
 .rodata.str1.4
                0x000000002000ec8c        0x5 /usr/lib/gcc/arm-none-eabi/9.2.1/../../../arm-none-eabi/lib/thumb/v6-m/nofp/libc.a(lib_a-lnumeric.o)
 *fill*         0x000000002000ec8c        0x4 
 .rodata        0x000000002000ec90      0x128 /usr/lib/gcc/arm-none-eabi/9.2.1/../../../arm-none-eabi/lib/thumb/v6-m/nofp/libc.a(lib_a-mprec.o)
                0x000000002000eca0                __mprec_tinytens
                0x000000002000ecc8                __mprec_bigtens
                0x000000002000ecf0                __mprec_tens
 .rodata.str1.4
                0x000000002000edb8       0x33 /usr/lib/gcc/arm-none-eabi/9.2.1/../../../arm-none-eabi/lib/thumb/v6-m/nofp/libc.a(lib_a-mprec.o)
                                         0x47 (size before relaxing)
                0x000000002000edec                . = ALIGN (0x4)
 *fill*         0x000000002000edeb        0x1 
 *(.data*)
 .data.config_record
                0x000000002000edec        0x4 CMakeFiles/rom-reader.dir/rom-reader.c.obj
                0x000000002000edec                config_record
 .data.flash_config_contents
                0x000000002000edf0        0x4 CMakeFiles/rom-reader.dir/rom-reader.c.obj
                0x000000002000edf0                flash_config_contents
 .data.flash_slot_contents
                0x000000002000edf4        0x4 CMakeFiles/rom-reader.dir/rom-reader.c.obj
                0x000000002000edf4                flash_slot_contents
 .data.setup_mode_name
                0x000000002000edf8        0x8 CMakeFiles/rom-reader.dir/rom-reader.c.obj
                0x000000002000edf8                setup_mode_name
 .data.striped_spin_lock_num
                0x000000002000ee00        0x1 CMakeFiles/rom-reader.dir/tree/downloaded_tools/pico/pico-sdk/src/rp2_common/hardware_sync/sync.c.obj
 *fill*         0x000000002000ee01        0x3 